---
source: src/raptorq/proof.rs
expression: json!({ ... })
---
{
  "success": {
    "version": 2,
    "content_hash": 15437469237766249660,
    "config": {
      "object_id": "[object_id]",
      "sbn": 0,
      "k": 10,
      "s": 3,
      "h": 2,
      "l": 15,
      "symbol_size": 64,
      "seed": "[seed]"
    },
    "received": {
      "total": 15,
      "source_count": 10,
      "repair_count": 5,
      "esi_multiset_hash": 13575261062447033934,
      "esis": [
        0,
        1,
        2,
        3,
        4,
        5,
        6,
        7,
        8,
        9,
        10,
        11,
        12,
        13,
        14
      ],
      "truncated": false
    },
    "peeling": {
      "solved": 3,
      "solved_indices": [
        0,
        4,
        7
      ],
      "truncated": false
    },
    "elimination": {
      "strategy": "HighSupportFirst",
      "inactivated": 1,
      "inactive_cols": [
        11
      ],
      "inactive_cols_truncated": false,
      "pivots": 2,
      "pivot_events": [
        {
          "col": 11,
          "row": 2
        },
        {
          "col": 13,
          "row": 5
        }
      ],
      "pivot_events_truncated": false,
      "row_ops": 2,
      "strategy_transitions": [
        {
          "from": "AllAtOnce",
          "to": "HighSupportFirst",
          "reason": "dense_repair_mix"
        }
      ],
      "strategy_transitions_truncated": false
    },
    "outcome": {
      "kind": "Success",
      "symbols_recovered": 10,
      "source_payload_hash": 12876649971060094004
    }
  },
  "degraded_singular": {
    "version": 2,
    "content_hash": 10106271345069789680,
    "config": {
      "object_id": "[object_id]",
      "sbn": 0,
      "k": 10,
      "s": 3,
      "h": 2,
      "l": 15,
      "symbol_size": 64,
      "seed": "[seed]"
    },
    "received": {
      "total": 5,
      "source_count": 3,
      "repair_count": 2,
      "esi_multiset_hash": 5092946092479749206,
      "esis": [
        0,
        1,
        3,
        10,
        11
      ],
      "truncated": false
    },
    "peeling": {
      "solved": 1,
      "solved_indices": [
        0
      ],
      "truncated": false
    },
    "elimination": {
      "strategy": "BlockSchurLowRank",
      "inactivated": 2,
      "inactive_cols": [
        8,
        9
      ],
      "inactive_cols_truncated": false,
      "pivots": 1,
      "pivot_events": [
        {
          "col": 8,
          "row": 1
        }
      ],
      "pivot_events_truncated": false,
      "row_ops": 1,
      "strategy_transitions": [
        {
          "from": "HighSupportFirst",
          "to": "BlockSchurLowRank",
          "reason": "rank_drop_detected"
        }
      ],
      "strategy_transitions_truncated": false
    },
    "outcome": {
      "kind": "Failure",
      "reason": {
        "kind": "SingularMatrix",
        "row": 6,
        "attempted_cols": [
          8,
          9,
          12
        ]
      }
    }
  },
  "degraded_insufficient": {
    "version": 2,
    "content_hash": 12954333747468798490,
    "config": {
      "object_id": "[object_id]",
      "sbn": 0,
      "k": 10,
      "s": 3,
      "h": 2,
      "l": 15,
      "symbol_size": 64,
      "seed": "[seed]"
    },
    "received": {
      "total": 6,
      "source_count": 6,
      "repair_count": 0,
      "esi_multiset_hash": 10461741950012670637,
      "esis": [
        0,
        1,
        2,
        3,
        4,
        5
      ],
      "truncated": false
    },
    "peeling": {
      "solved": 2,
      "solved_indices": [
        1,
        2
      ],
      "truncated": false
    },
    "elimination": {
      "strategy": "AllAtOnce",
      "inactivated": 0,
      "inactive_cols": [],
      "inactive_cols_truncated": false,
      "pivots": 0,
      "pivot_events": [],
      "pivot_events_truncated": false,
      "row_ops": 0,
      "strategy_transitions": [],
      "strategy_transitions_truncated": false
    },
    "outcome": {
      "kind": "Failure",
      "reason": {
        "kind": "InsufficientSymbols",
        "received": 6,
        "required": 15
      }
    }
  }
}
