  [2m2026-09-07T20:03:08.794097Z[0m [32m INFO[0m [1;32mrch::hook[0m[32m: [32mSelected worker: ovh-a at ubuntu@51.222.245.56 (0 slots remaining after reservation, speed 77.7)[0m
    [2;3mat[0m rch/src/hook.rs:2645 [2;3mon[0m ThreadId(1)

  [2m2026-09-07T20:03:08.852301Z[0m [32m INFO[0m [1;32mrch::hook::transfer_orchestration[0m[32m: [32mStarting remote compilation pipeline for asupersync (hash: 340e62f0231f502f)[0m
    [2;3mat[0m rch/src/hook/transfer_orchestration.rs:510 [2;3mon[0m ThreadId(1)

  [2m2026-09-07T20:03:08.852324Z[0m [32m INFO[0m [1;32mrch::hook::transfer_orchestration[0m[32m: [32mPrepared dependency sync manifest for 1 roots[0m
    [2;3mat[0m rch/src/hook/transfer_orchestration.rs:532 [2;3mon[0m ThreadId(1)

  [2m2026-09-07T20:03:09.978186Z[0m [32m INFO[0m [1;32mrch::hook::transfer_orchestration[0m[32m: [32mSyncing project to worker ovh-a...[0m
    [2;3mat[0m rch/src/hook/transfer_orchestration.rs:661 [2;3mon[0m ThreadId(1)

  [2m2026-09-07T20:03:16.408801Z[0m [32m INFO[0m [1;32mrch::transfer[0m[32m: [32mLoaded 6 pattern(s) from .rchignore (total: 44)[0m
    [2;3mat[0m rch/src/transfer.rs:2028 [2;3mon[0m ThreadId(1)

  [2m2026-09-07T20:03:16.408829Z[0m [32m INFO[0m [1;32mrch::transfer[0m[32m: [32mSyncing /data/projects/asupersync -> /data/tmp/rch/asupersync/340e62f0231f502f on ovh-a (streaming)[0m
    [2;3mat[0m rch/src/transfer.rs:3549 [2;3mon[0m ThreadId(1)

  [2m2026-09-07T20:03:17.243968Z[0m [32m INFO[0m [1;32mrch::hook::transfer_orchestration[0m[32m: [32mSync complete: 3 files, 253175981 bytes in 5365ms[0m
    [2;3mat[0m rch/src/hook/transfer_orchestration.rs:958 [2;3mon[0m ThreadId(1)

  [2m2026-09-07T20:03:17.271119Z[0m [32m INFO[0m [1;32mrch::hook::transfer_orchestration[0m[32m: [32mExecuting command remotely: env 'CARGO_INCREMENTAL=0' 'CARGO_PROFILE_TEST_DEBUG=0' 'RUSTFLAGS=-D warnings -C debuginfo=0' cargo test -p asupersync --locked --features quic,test-internals --test quic_endpoint_api_roundtrip connection_reassembly_ -j2 -- --nocapture[0m
    [2;3mat[0m rch/src/hook/transfer_orchestration.rs:1018 [2;3mon[0m ThreadId(1)

  [2m2026-09-07T20:03:17.271210Z[0m [32m INFO[0m [1;32mrch::transfer[0m[32m: [32mRewriting CARGO_TARGET_DIR for remote execution (worker-scoped path): /data/tmp/rch_target_copperoak_quic_reassembly -> /data/tmp/rch/asupersync/.rch-target-ovh-a-pool-a03170941823c214a331a367717d450e[0m
    [2;3mat[0m rch/src/transfer.rs:1842 [2;3mon[0m ThreadId(1)

    Updating crates.io index
 Downloading crates ...
  Downloaded defmt-parser v1.0.0
  Downloaded env_filter v2.0.0
  Downloaded adler2 v2.0.1
  Downloaded futures-macro v0.3.33
  Downloaded memoffset v0.9.1
  Downloaded either v1.17.0
  Downloaded defmt-macros v1.1.1
  Downloaded displaydoc v0.2.6
  Downloaded ed25519 v2.2.3
  Downloaded errno v0.3.14
  Downloaded find-msvc-tools v0.1.9
  Downloaded futures-sink v0.3.33
  Downloaded http-body-util v0.1.4
  Downloaded inout v0.2.2
  Downloaded defmt v1.1.1
  Downloaded heck v0.5.0
  Downloaded fnv v1.0.7
  Downloaded futures-io v0.3.33
  Downloaded futures-task v0.3.33
  Downloaded equivalent v1.0.2
  Downloaded form_urlencoded v1.2.2
  Downloaded lock_api v0.4.14
  Downloaded foldhash v0.2.0
  Downloaded glob v0.3.4
  Downloaded hashlink v0.11.1
  Downloaded generic-array v0.14.7
  Downloaded idna_adapter v1.2.2
  Downloaded itoa v1.0.18
  Downloaded futures-core v0.3.33
  Downloaded futures-channel v0.3.33
  Downloaded is_terminal_polyfill v1.70.2
  Downloaded once_cell v1.21.4
  Downloaded hmac v0.13.0
  Downloaded parking v2.2.1
  Downloaded clap v4.6.4
  Downloaded rand_xorshift v0.4.0
  Downloaded ghash v0.6.0
  Downloaded hex v0.4.3
  Downloaded http-body v1.1.0
  Downloaded page_size v0.6.0
  Downloaded potential_utf v0.1.5
  Downloaded try-lock v0.2.5
  Downloaded bytes v1.12.1
  Downloaded matchers v0.2.0
  Downloaded rmp v0.8.15
  Downloaded derive_arbitrary v1.4.2
  Downloaded env_logger v0.11.11
  Downloaded event-listener v5.4.2
  Downloaded fastrand v2.5.0
  Downloaded lazy_static v1.5.0
  Downloaded visibility v0.1.1
  Downloaded wait-timeout v0.2.1
  Downloaded want v0.3.1
  Downloaded iana-time-zone v0.1.65
  Downloaded futures-executor v0.3.33
  Downloaded atomic-waker v1.1.2
  Downloaded dotenvy v0.15.7
  Downloaded dtoa v1.0.11
  Downloaded nu-ansi-term v0.50.3
  Downloaded digest v0.10.7
  Downloaded nkeys v0.4.5
  Downloaded digest v0.11.3
  Downloaded num-integer v0.1.46
  Downloaded thread_local v1.1.10
  Downloaded getrandom v0.3.4
  Downloaded hyper-timeout v0.5.2
  Downloaded sha2 v0.10.9
  Downloaded slab v0.4.12
  Downloaded utf8_iter v1.0.4
  Downloaded toml_writer v1.1.2+spec-1.1.0
  Downloaded walkdir v2.5.0
  Downloaded writeable v0.6.3
  Downloaded anstream v1.0.0
  Downloaded anstyle v1.0.14
  Downloaded arcstr v1.2.0
  Downloaded async-trait v0.1.91
  Downloaded clap_builder v4.6.2
  Downloaded ed25519-dalek v2.2.0
  Downloaded httparse v1.10.1
  Downloaded shlex v2.0.1
  Downloaded toml_parser v1.1.2+spec-1.1.0
  Downloaded sqlx-macros v0.9.0
  Downloaded hybrid-array v0.4.13
  Downloaded trybuild v1.0.118
  Downloaded getrandom v0.2.17
  Downloaded oorandom v11.1.5
  Downloaded const-oid v0.10.2
  Downloaded litemap v0.8.2
  Downloaded tracing-attributes v0.1.31
  Downloaded futures-lite v2.6.1
  Downloaded parking_lot v0.12.5
  Downloaded virtue-next v0.1.3
  Downloaded icu_normalizer v2.2.0
  Downloaded parking_lot_core v0.9.12
  Downloaded tonic-prost v0.14.6
  Downloaded tinystr v0.8.3
  Downloaded version_check v0.9.5
  Downloaded utf8parse v0.2.2
  Downloaded lz4_flex v0.14.0
  Downloaded num-traits v0.2.19
  Downloaded unsafe-libyaml v0.2.11
  Downloaded half v2.7.1
  Downloaded synstructure v0.13.2
  Downloaded tinytemplate v1.2.1
  Downloaded combine v4.6.7
  Downloaded cpufeatures v0.2.17
  Downloaded signal-hook v0.4.4
  Downloaded urlencoding v2.1.3
  Downloaded aead v0.6.1
  Downloaded bit-vec v0.8.0
  Downloaded getrandom v0.4.3
  Downloaded icu_properties v2.2.0
  Downloaded icu_provider v2.2.0
  Downloaded sqlx-macros-core v0.9.0
  Downloaded crc32fast v1.5.0
  Downloaded log v0.4.33
  Downloaded icu_locale_core v2.2.0
  Downloaded flate2 v1.1.9
  Downloaded stable_deref_trait v1.2.1
  Downloaded sha1_smol v1.0.1
  Downloaded strsim v0.11.1
  Downloaded tower-service v0.3.3
  Downloaded yoke-derive v0.8.2
  Downloaded zerofrom-derive v0.1.7
  Downloaded zerofrom v0.1.8
  Downloaded tower-layer v0.3.3
  Downloaded alloca v0.4.0
  Downloaded crossbeam-deque v0.8.7
  Downloaded der v0.7.10
  Downloaded icu_normalizer_data v2.2.0
  Downloaded miniz_oxide v0.8.9
  Downloaded icu_collections v2.2.0
  Downloaded anstyle-query v1.1.5
  Downloaded num-bigint v0.4.8
  Downloaded sqlx-mysql v0.9.0
  Downloaded futures-intrusive v0.5.0
  Downloaded indexmap v2.14.0
  Downloaded sha1 v0.11.0
  Downloaded cfg-if v1.0.4
  Downloaded crc v3.4.0
  Downloaded tokio-macros v2.7.1
  Downloaded block-buffer v0.10.4
  Downloaded opentelemetry v0.32.0
  Downloaded plotters-backend v0.3.7
  Downloaded http v1.4.2
  Downloaded memchr v2.8.3
  Downloaded mio v1.2.2
  Downloaded tinyvec_macros v0.1.1
  Downloaded cast v0.3.0
  Downloaded same-file v1.0.6
  Downloaded target-triple v1.0.1
  Downloaded unty-next v0.1.2
  Downloaded bit-set v0.8.0
  Downloaded hashbrown v0.16.1
  Downloaded itertools v0.13.0
  Downloaded signal-hook-registry v1.4.8
  Downloaded termcolor v1.4.1
  Downloaded bincode_derive-next v3.1.1
  Downloaded thiserror-impl v2.0.19
  Downloaded sync_wrapper v1.0.2
  Downloaded zeroize_derive v1.5.0
  Downloaded sha2 v0.11.0
  Downloaded crypto-common v0.1.7
  Downloaded rand_chacha v0.3.1
  Downloaded uuid v1.24.0
  Downloaded hyper-util v0.1.20
  Downloaded crypto-common v0.2.2
  Downloaded plotters-svg v0.3.7
  Downloaded unarray v0.1.4
  Downloaded url v2.5.8
  Downloaded toml_datetime v1.1.1+spec-1.1.0
  Downloaded autocfg v1.5.1
  Downloaded zeroize v1.9.0
  Downloaded crc-catalog v2.5.0
  Downloaded sharded-slab v0.1.7
  Downloaded thiserror v2.0.19
  Downloaded tokio-stream v0.1.19
  Downloaded pem-rfc7468 v0.7.0
  Downloaded bitflags v1.3.2
  Downloaded toml v1.1.3+spec-1.1.0
  Downloaded simd-adler32 v0.3.10
  Downloaded insta v1.48.0
  Downloaded jiff-core v0.1.0
  Downloaded cpubits v0.1.1
  Downloaded ciborium-io v0.2.2
  Downloaded subtle v2.6.1
  Downloaded smallvec v1.15.2
  Downloaded universal-hash v0.6.1
  Downloaded percent-encoding v2.3.2
  Downloaded prometheus-client-derive-encode v0.5.0
  Downloaded tempfile v3.27.0
  Downloaded arbitrary v1.4.2
  Downloaded idna v1.1.0
  Downloaded anes v0.1.6
  Downloaded hyper v1.11.0
  Downloaded anyhow v1.0.104
  Downloaded spki v0.7.3
  Downloaded tracing-log v0.2.0
  Downloaded unicode-ident v1.0.24
  Downloaded similar v2.7.0
  Downloaded zmij v1.0.23
  Downloaded tinyvec v1.12.0
  Downloaded xxhash-rust v0.8.18
  Downloaded zerovec-derive v0.11.3
  Downloaded block-buffer v0.12.1
  Downloaded base64ct v1.8.3
  Downloaded hashbrown v0.17.1
  Downloaded serde_spanned v1.1.1
  Downloaded futures-util v0.3.33
  Downloaded clap_lex v1.1.0
  Downloaded yoke v0.8.3
  Downloaded allocator-api2 v0.2.21
  Downloaded tower v0.5.3
  Downloaded socket2 v0.6.5
  Downloaded itertools v0.14.0
  Downloaded colorchoice v1.0.5
  Downloaded opentelemetry-proto v0.32.0
  Downloaded bitflags v2.13.1
  Downloaded rustc_version v0.4.1
  Downloaded ciborium-ll v0.2.2
  Downloaded typenum v1.20.1
  Downloaded icu_properties_data v2.2.0
  Downloaded zerocopy-derive v0.8.55
  Downloaded h2 v0.4.18
  Downloaded tonic v0.14.6
  Downloaded winnow v1.0.4
  Downloaded cfg_aliases v0.2.2
  Downloaded xattr v1.6.1
  Downloaded base64 v0.22.1
  Downloaded zerotrie v0.2.4
  Downloaded base64 v0.23.0
  Downloaded signatory v0.27.1
  Downloaded scopeguard v1.2.0
  Downloaded signature v2.2.0
  Downloaded tokio-util v0.7.19
  Downloaded sqlx-core v0.9.0
  Downloaded criterion-plot v0.8.2
  Downloaded opentelemetry_sdk v0.32.1
  Downloaded data-encoding v2.11.0
  Downloaded ppv-lite86 v0.2.21
  Downloaded rand_core v0.10.1
  Downloaded rand_core v0.9.5
  Downloaded pin-project-internal v1.1.13
  Downloaded pin-project-lite v0.2.17
  Downloaded pastey v0.2.3
  Downloaded console v0.16.4
  Downloaded quote v1.0.47
  Downloaded rustversion v1.0.23
  Downloaded cmov v0.5.4
  Downloaded bincode-next v3.1.1
  Downloaded aho-corasick v1.1.4
  Downloaded nix v0.31.3
  Downloaded sqlx v0.9.0
  Downloaded tracing-subscriber v0.3.23
  Downloaded cipher v0.5.2
  Downloaded ctr v0.10.1
  Downloaded polyval v0.7.3
  Downloaded byteorder v1.5.0
  Downloaded sysinfo v0.39.6
  Downloaded curve25519-dalek-derive v0.1.1
  Downloaded rand_chacha v0.9.0
  Downloaded rusty-fork v0.3.1
  Downloaded zerocopy v0.8.55
  Downloaded syn v2.0.119
  Downloaded cpufeatures v0.3.0
  Downloaded rand_core v0.6.4
  Downloaded prost-derive v0.14.4
  Downloaded const-oid v0.9.6
  Downloaded const-hex v1.19.1
  Downloaded anstyle-parse v1.0.0
  Downloaded rmp-serde v1.3.1
  Downloaded semver v1.0.28
  Downloaded crossbeam-epoch v0.9.20
  Downloaded serde_derive v1.0.229
  Downloaded ciborium v0.2.2
  Downloaded quick-error v1.2.3
  Downloaded crossbeam-queue v0.3.13
  Downloaded ctutils v0.4.2
  Downloaded poly1305 v0.9.1
  Downloaded jiff v0.2.34
  Downloaded clap_derive v4.6.4
  Downloaded chacha20 v0.10.1
  Downloaded prost v0.14.4
  Downloaded pin-project v1.1.13
  Downloaded ryu v1.0.23
  Downloaded serde_yaml v0.9.34+deprecated
  Downloaded rapidhash v4.5.1
  Downloaded serde_core v1.0.229
  Downloaded tracing-core v0.1.36
  Downloaded twox-hash v2.1.3
  Downloaded libc v0.2.189
  Downloaded polling v3.11.0
  Downloaded pkcs8 v0.10.2
  Downloaded rayon-core v1.13.0
  Downloaded crossbeam-utils v0.8.22
  Downloaded tokio v1.53.1
  Downloaded chacha20poly1305 v0.11.0
  Downloaded proc-macro2 v1.0.107
  Downloaded cc v1.4.0
  Downloaded rand v0.8.7
  Downloaded serde v1.0.229
  Downloaded prometheus-client v0.25.0
  Downloaded rand v0.9.5
  Downloaded aes v0.9.1
  Downloaded criterion v0.8.2
  Downloaded unicode-normalization v0.1.25
  Downloaded plotters v0.3.7
  Downloaded zerovec v0.11.6
  Downloaded regex v1.13.1
  Downloaded serde_json v1.0.151
  Downloaded aes-gcm v0.11.0
  Downloaded rayon v1.12.0
  Downloaded linux-raw-sys v0.12.1
  Downloaded proptest v1.11.0
  Downloaded chrono v0.4.45
  Downloaded raptorq v2.0.1
  Downloaded curve25519-dalek v4.1.3
  Downloaded syn v3.0.3
  Downloaded regex-syntax v0.8.11
  Downloaded redis v1.4.1
  Downloaded rustix v1.1.4
  Downloaded tracing v0.1.44
  Downloaded regex-automata v0.4.16
   Compiling proc-macro2 v1.0.107
   Compiling unicode-ident v1.0.24
   Compiling quote v1.0.47
   Compiling libc v0.2.189
   Compiling syn v2.0.119
   Compiling cfg-if v1.0.4
   Compiling typenum v1.20.1
   Compiling syn v3.0.3
   Compiling memchr v2.8.3
   Compiling getrandom v0.4.3
   Compiling rand_core v0.10.1
   Compiling pin-project-lite v0.2.17
   Compiling futures-core v0.3.33
   Compiling serde_core v1.0.229
   Compiling once_cell v1.21.4
   Compiling bytes v1.12.1
   Compiling hybrid-array v0.4.13
   Compiling zeroize_derive v1.5.0
   Compiling log v0.4.33
   Compiling smallvec v1.15.2
   Compiling itoa v1.0.18
   Compiling zeroize v1.9.0
   Compiling crypto-common v0.2.2
   Compiling tracing-core v0.1.36
   Compiling socket2 v0.6.5
   Compiling equivalent v1.0.2
   Compiling futures-sink v0.3.33
   Compiling allocator-api2 v0.2.21
   Compiling version_check v0.9.5
   Compiling foldhash v0.2.0
   Compiling autocfg v1.5.1
   Compiling generic-array v0.14.7
   Compiling tracing-attributes v0.1.31
   Compiling tokio-macros v2.7.1
   Compiling mio v1.2.2
   Compiling serde v1.0.229
   Compiling zerocopy v0.8.55
   Compiling tracing v0.1.44
   Compiling tokio v1.53.1
   Compiling serde_derive v1.0.229
   Compiling zerocopy-derive v0.8.55
   Compiling slab v0.4.12
   Compiling hashbrown v0.17.1
   Compiling cmov v0.5.4
   Compiling futures-io v0.3.33
   Compiling ctutils v0.4.2
   Compiling indexmap v2.14.0
   Compiling block-buffer v0.12.1
   Compiling futures-macro v0.3.33
   Compiling futures-task v0.3.33
   Compiling futures-util v0.3.33
   Compiling block-buffer v0.10.4
   Compiling crypto-common v0.1.7
   Compiling num-traits v0.2.19
   Compiling cpufeatures v0.3.0
   Compiling crossbeam-utils v0.8.22
   Compiling digest v0.10.7
   Compiling percent-encoding v2.3.2
   Compiling bitflags v2.13.1
   Compiling http v1.4.2
   Compiling synstructure v0.13.2
   Compiling fnv v1.0.7
   Compiling cpufeatures v0.2.17
   Compiling getrandom v0.3.4
   Compiling ppv-lite86 v0.2.21
   Compiling tokio-util v0.7.19
   Compiling rustix v1.1.4
   Compiling httparse v1.10.1
   Compiling zmij v1.0.23
   Compiling thiserror v2.0.19
   Compiling regex-syntax v0.8.11
   Compiling parking_lot_core v0.9.12
   Compiling zerofrom-derive v0.1.7
   Compiling http-body v1.1.0
   Compiling tokio-stream v0.1.19
   Compiling inout v0.2.2
   Compiling thiserror-impl v2.0.19
   Compiling futures-channel v0.3.33
   Compiling aho-corasick v1.1.4
   Compiling serde_json v1.0.151
   Compiling atomic-waker v1.1.2
   Compiling try-lock v0.2.5
   Compiling scopeguard v1.2.0
   Compiling linux-raw-sys v0.12.1
   Compiling lock_api v0.4.14
   Compiling want v0.3.1
   Compiling h2 v0.4.18
   Compiling regex-automata v0.4.16
   Compiling zerofrom v0.1.8
   Compiling rand_core v0.9.5
   Compiling yoke-derive v0.8.2
   Compiling const-oid v0.10.2
   Compiling base64 v0.22.1
   Compiling base64ct v1.8.3
   Compiling anyhow v1.0.104
   Compiling tower-service v0.3.3
   Compiling semver v1.0.28
   Compiling stable_deref_trait v1.2.1
   Compiling yoke v0.8.3
   Compiling rustc_version v0.4.1
   Compiling pem-rfc7468 v0.7.0
   Compiling digest v0.11.3
   Compiling parking_lot v0.12.5
   Compiling hyper v1.11.0
   Compiling cipher v0.5.2
   Compiling sha2 v0.10.9
   Compiling universal-hash v0.6.1
   Compiling getrandom v0.2.17
   Compiling either v1.17.0
   Compiling const-oid v0.9.6
   Compiling parking v2.2.1
   Compiling fastrand v2.5.0
   Compiling der v0.7.10
   Compiling itertools v0.14.0
   Compiling rand_core v0.6.4
   Compiling hyper-util v0.1.20
   Compiling curve25519-dalek v4.1.3
   Compiling rand_chacha v0.9.0
   Compiling signature v2.2.0
   Compiling zerovec-derive v0.11.3
   Compiling pin-project-internal v1.1.13
   Compiling sync_wrapper v1.0.2
   Compiling tower-layer v0.3.3
   Compiling cpubits v0.1.1
   Compiling subtle v2.6.1
   Compiling rustversion v1.0.23
   Compiling tower v0.5.3
   Compiling pin-project v1.1.13
   Compiling zerovec v0.11.6
   Compiling hyper-timeout v0.5.2
   Compiling rand v0.9.5
   Compiling prost-derive v0.14.4
   Compiling spki v0.7.3
   Compiling tempfile v3.27.0
   Compiling regex v1.13.1
   Compiling http-body-util v0.1.4
   Compiling crossbeam-queue v0.3.13
   Compiling memoffset v0.9.1
   Compiling async-trait v0.1.91
   Compiling curve25519-dalek-derive v0.1.1
   Compiling displaydoc v0.2.6
   Compiling crc32fast v1.5.0
   Compiling cfg_aliases v0.2.2
   Compiling nix v0.31.3
   Compiling tonic v0.14.6
   Compiling prost v0.14.4
   Compiling pkcs8 v0.10.2
   Compiling polyval v0.7.3
   Compiling ed25519 v2.2.3
   Compiling rand_chacha v0.3.1
   Compiling sha2 v0.11.0
   Compiling sha1 v0.11.0
   Compiling opentelemetry v0.32.0
   Compiling aead v0.6.1
   Compiling futures-executor v0.3.33
   Compiling errno v0.3.14
   Compiling lazy_static v1.5.0
   Compiling bincode-next v3.1.1
   Compiling tinyvec_macros v0.1.1
   Compiling signal-hook v0.4.4
   Compiling virtue-next v0.1.3
   Compiling tinyvec v1.12.0
   Compiling sharded-slab v0.1.7
   Compiling bincode_derive-next v3.1.1
   Compiling signal-hook-registry v1.4.8
   Compiling opentelemetry_sdk v0.32.1
   Compiling rand v0.8.7
   Compiling ed25519-dalek v2.2.0
   Compiling ghash v0.6.0
   Compiling rapidhash v4.5.1
   Compiling signatory v0.27.1
   Compiling tonic-prost v0.14.6
   Compiling aes v0.9.1
   Compiling poly1305 v0.9.1
   Compiling chacha20 v0.10.1
   Compiling ctr v0.10.1
   Compiling franken-evidence v0.4.9 (/data/tmp/rch/asupersync/340e62f0231f502f/franken_evidence)
   Compiling matchers v0.2.0
   Compiling const-hex v1.19.1
   Compiling rmp v0.8.15
   Compiling franken-kernel v0.4.9 (/data/tmp/rch/asupersync/340e62f0231f502f/franken_kernel)
   Compiling tracing-log v0.2.0
   Compiling derive_arbitrary v1.4.2
   Compiling thread_local v1.1.10
   Compiling nu-ansi-term v0.50.3
   Compiling unty-next v0.1.2
   Compiling pastey v0.2.3
   Compiling asupersync v0.4.10 (/data/tmp/rch/asupersync/340e62f0231f502f)
   Compiling data-encoding v2.11.0
   Compiling nkeys v0.4.5
   Compiling arbitrary v1.4.2
   Compiling tracing-subscriber v0.3.23
   Compiling franken-decision v0.4.9 (/data/tmp/rch/asupersync/340e62f0231f502f/franken_decision)
   Compiling rmp-serde v1.3.1
   Compiling opentelemetry-proto v0.32.0
   Compiling aes-gcm v0.11.0
   Compiling chacha20poly1305 v0.11.0
   Compiling unicode-normalization v0.1.25
   Compiling tinystr v0.8.3
   Compiling futures-lite v2.6.1
   Compiling hmac v0.13.0
   Compiling xattr v1.6.1
   Compiling polling v3.11.0
   Compiling asupersync-macros v0.4.9 (/data/tmp/rch/asupersync/340e62f0231f502f/asupersync-macros)
   Compiling sysinfo v0.39.6
   Compiling visibility v0.1.1
   Compiling litemap v0.8.2
   Compiling hex v0.4.3
   Compiling base64 v0.23.0
   Compiling writeable v0.6.3
   Compiling icu_locale_core v2.2.0
   Compiling zerotrie v0.2.4
   Compiling potential_utf v0.1.5
   Compiling icu_normalizer_data v2.2.0
   Compiling utf8_iter v1.0.4
   Compiling icu_properties_data v2.2.0
   Compiling icu_collections v2.2.0
   Compiling icu_provider v2.2.0
   Compiling icu_properties v2.2.0
   Compiling icu_normalizer v2.2.0
   Compiling utf8parse v0.2.2
   Compiling anstyle-parse v1.0.0
   Compiling idna_adapter v1.2.2
   Compiling anstyle-query v1.1.5
   Compiling is_terminal_polyfill v1.70.2
   Compiling colorchoice v1.0.5
   Compiling crossbeam-epoch v0.9.20
   Compiling anstyle v1.0.14
   Compiling anstream v1.0.0
   Compiling idna v1.1.0
   Compiling form_urlencoded v1.2.2
   Compiling shlex v2.0.1
   Compiling crossbeam-deque v0.8.7
   Compiling find-msvc-tools v0.1.9
   Compiling cc v1.4.0
   Compiling url v2.5.8
   Compiling hashbrown v0.16.1
   Compiling strsim v0.11.1
   Compiling rayon-core v1.13.0
   Compiling heck v0.5.0
   Compiling clap_lex v1.1.0
   Compiling crc-catalog v2.5.0
   Compiling crc v3.4.0
   Compiling clap_builder v4.6.2
   Compiling clap_derive v4.6.4
   Compiling hashlink v0.11.1
   Compiling alloca v0.4.0
   Compiling event-listener v5.4.2
   Compiling futures-intrusive v0.5.0
   Compiling half v2.7.1
   Compiling target-triple v1.0.1
   Compiling plotters-backend v0.3.7
   Compiling prometheus-client v0.25.0
   Compiling ciborium-io v0.2.2
   Compiling winnow v1.0.4
   Compiling jiff-core v0.1.0
   Compiling jiff v0.2.34
   Compiling toml_parser v1.1.2+spec-1.1.0
   Compiling ciborium-ll v0.2.2
   Compiling plotters-svg v0.3.7
   Compiling sqlx-core v0.9.0
   Compiling clap v4.6.4
   Compiling itertools v0.13.0
   Compiling env_filter v2.0.0
   Compiling num-integer v0.1.46
   Compiling toml_datetime v1.1.1+spec-1.1.0
   Compiling serde_spanned v1.1.1
   Compiling prometheus-client-derive-encode v0.5.0
   Compiling wait-timeout v0.2.1
   Compiling simd-adler32 v0.3.10
   Compiling quick-error v1.2.3
   Compiling byteorder v1.5.0
   Compiling iana-time-zone v0.1.65
   Compiling ryu v1.0.23
   Compiling dotenvy v0.15.7
   Compiling same-file v1.0.6
   Compiling dtoa v1.0.11
   Compiling adler2 v2.0.1
   Compiling cast v0.3.0
   Compiling toml_writer v1.1.2+spec-1.1.0
   Compiling bit-vec v0.8.0
   Compiling bit-set v0.8.0
   Compiling toml v1.1.3+spec-1.1.0
   Compiling criterion-plot v0.8.2
   Compiling miniz_oxide v0.8.9
   Compiling walkdir v2.5.0
   Compiling sqlx-mysql v0.9.0
   Compiling chrono v0.4.45
   Compiling rusty-fork v0.3.1
   Compiling num-bigint v0.4.8
   Compiling env_logger v0.11.11
   Compiling rayon v1.12.0
   Compiling plotters v0.3.7
   Compiling ciborium v0.2.2
   Compiling tinytemplate v1.2.1
   Compiling rand_xorshift v0.4.0
   Compiling combine v4.6.7
   Compiling uuid v1.24.0
   Compiling page_size v0.6.0
   Compiling console v0.16.4
   Compiling arcstr v1.2.0
   Compiling termcolor v1.4.1
   Compiling xxhash-rust v0.8.18
   Compiling similar v2.7.0
   Compiling urlencoding v2.1.3
   Compiling oorandom v11.1.5
   Compiling twox-hash v2.1.3
   Compiling sha1_smol v1.0.1
   Compiling glob v0.3.4
   Compiling unsafe-libyaml v0.2.11
   Compiling unarray v0.1.4
   Compiling anes v0.1.6
   Compiling criterion v0.8.2
   Compiling proptest v1.11.0
   Compiling serde_yaml v0.9.34+deprecated
   Compiling trybuild v1.0.118
   Compiling redis v1.4.1
   Compiling lz4_flex v0.14.0
   Compiling insta v1.48.0
   Compiling sqlx v0.9.0
   Compiling flate2 v1.1.9
   Compiling raptorq v2.0.1
   Compiling asupersync-conformance v0.4.9 (/data/tmp/rch/asupersync/340e62f0231f502f/conformance)
    Finished `test` profile [unoptimized] target(s) in 2m 20s
warning: the following packages contain code that will be rejected by a future version of Rust: redis v1.4.1
note: to see what the problems were, use the option `--future-incompat-report`, or run `cargo report future-incompatibilities --id 1`
     Running tests/quic_endpoint_api_roundtrip.rs (/data/tmp/rch/asupersync/.rch-target-ovh-a-pool-a03170941823c214a331a367717d450e/debug/build/asupersync/3c91cf58f6f9cd44/out/quic_endpoint_api_roundtrip-3c91cf58f6f9cd44)

running 2 tests
test connection_reassembly_keeps_hostile_fragment_limit_and_head_progress ... ok

thread 'connection_reassembly_accepts_eight_mib_behind_one_hole' (1395406) panicked at tests/quic_endpoint_api_roundtrip.rs:300:37:
frame 4097 behind one hole: invalid native quic connection state: stream receive reassembly fragment limit exceeded
note: run with `RUST_BACKTRACE=1` environment variable to display a backtrace
test connection_reassembly_accepts_eight_mib_behind_one_hole ... FAILED

failures:

failures:
    connection_reassembly_accepts_eight_mib_behind_one_hole

test result: FAILED. 1 passed; 1 failed; 0 ignored; 0 measured; 87 filtered out; finished in 0.63s

error: test failed, to rerun pass `-p asupersync --test quic_endpoint_api_roundtrip`
  [2m2026-09-07T20:05:39.245034Z[0m [32m INFO[0m [1;32mrch::hook::transfer_orchestration[0m[32m: [32mRemote command finished: exit=101 in 141973ms[0m
    [2;3mat[0m rch/src/hook/transfer_orchestration.rs:1150 [2;3mon[0m ThreadId(1)

[RCH] remote ovh-a failed (exit 101)
