---
source: tests/plan_certificate_format_golden.rs
expression: "json!({\n    \"dedup_race_join\":\n    {\n        \"certificate\": certificate_json(&dedup_cert), \"compact\":\n        compact_certificate_json(&dedup_compact),\n    }, \"identity_join\":\n    {\n        \"certificate\": certificate_json(&identity_cert), \"compact\":\n        compact_certificate_json(&identity_compact),\n    }\n})"
---
{
  "dedup_race_join": {
    "certificate": {
      "after_hash": "0cffa48607f55c8b136238a76fec2d8707a9fa8956a76be5c74b163cefb665d1",
      "after_node_count": 8,
      "before_hash": "9ab853b5bb73b95ab9b307e02357fb8e898496b7d3413557f419c0e7069e8e95",
      "before_node_count": 6,
      "fingerprint": "76d3485657bf9a913513dcb613198117dcaa1a3997bb6dc2afb92ecc61bbd34e",
      "identity": false,
      "policy": {
        "associativity": true,
        "commutativity": false,
        "distributivity": true,
        "require_binary_joins": true,
        "timeout_simplification": true
      },
      "steps": [
        {
          "after": 7,
          "before": 5,
          "detail": "deduped shared child 0 across 2 joins",
          "rule": "dedup_race_join"
        }
      ],
      "version": 1
    },
    "compact": {
      "after_hash": "0cffa48607f55c8b136238a76fec2d8707a9fa8956a76be5c74b163cefb665d1",
      "after_node_count": 8,
      "before_hash": "9ab853b5bb73b95ab9b307e02357fb8e898496b7d3413557f419c0e7069e8e95",
      "before_node_count": 6,
      "byte_size_bound": 90,
      "policy_bits": 29,
      "steps": [
        {
          "after": 7,
          "before": 5,
          "rule": 5
        }
      ],
      "version": 1,
      "within_linear_bound": true
    }
  },
  "identity_join": {
    "certificate": {
      "after_hash": "237a6be237aea41abae549511aadb3909fced37fb36770bf3a70b1e98d7c11df",
      "after_node_count": 3,
      "before_hash": "237a6be237aea41abae549511aadb3909fced37fb36770bf3a70b1e98d7c11df",
      "before_node_count": 3,
      "fingerprint": "fb2dd981203f008bf2c9ffa6e6406120048a535982b1c0cfcc049fd370ce34a5",
      "identity": true,
      "policy": {
        "associativity": true,
        "commutativity": false,
        "distributivity": true,
        "require_binary_joins": true,
        "timeout_simplification": true
      },
      "steps": [],
      "version": 1
    },
    "compact": {
      "after_hash": "237a6be237aea41abae549511aadb3909fced37fb36770bf3a70b1e98d7c11df",
      "after_node_count": 3,
      "before_hash": "237a6be237aea41abae549511aadb3909fced37fb36770bf3a70b1e98d7c11df",
      "before_node_count": 3,
      "byte_size_bound": 81,
      "policy_bits": 29,
      "steps": [],
      "version": 1,
      "within_linear_bound": true
    }
  }
}
