---
source: tests/raptorq_encoded_block_golden.rs
assertion_line: 283
expression: goldens
---
{
  "1": {
    "description": "Size 1 bytes",
    "input_bytes": [
      16
    ],
    "config": {
      "symbol_size": 256,
      "max_block_size": 8192,
      "repair_overhead": 1.0,
      "encoding_parallelism": 1,
      "decoding_parallelism": 1,
      "deterministic_seed": 1000
    },
    "symbols": [
      {
        "object_id": 19961671883662852694960305546716,
        "source_block_number": 0,
        "encoding_symbol_id": 0,
        "kind": "Source",
        "payload_bytes": [
          16,
          0,
          0,
          0,
          0,
          0,
          0,
          0,
          0,
          0,
          0,
          0,
          0,
          0,
          0,
          0,
          0,
          0,
          0,
          0,
          0,
          0,
          0,
          0,
          0,
          0,
          0,
          0,
          0,
          0,
          0,
          0,
          0,
          0,
          0,
          0,
          0,
          0,
          0,
          0,
          0,
          0,
          0,
          0,
          0,
          0,
          0,
          0,
          0,
          0,
          0,
          0,
          0,
          0,
          0,
          0,
          0,
          0,
          0,
          0,
          0,
          0,
          0,
          0,
          0,
          0,
          0,
          0,
          0,
          0,
          0,
          0,
          0,
          0,
          0,
          0,
          0,
          0,
          0,
          0,
          0,
          0,
          0,
          0,
          0,
          0,
          0,
          0,
          0,
          0,
          0,
          0,
          0,
          0,
          0,
          0,
          0,
          0,
          0,
          0,
          0,
          0,
          0,
          0,
          0,
          0,
          0,
          0,
          0,
          0,
          0,
          0,
          0,
          0,
          0,
          0,
          0,
          0,
          0,
          0,
          0,
          0,
          0,
          0,
          0,
          0,
          0,
          0,
          0,
          0,
          0,
          0,
          0,
          0,
          0,
          0,
          0,
          0,
          0,
          0,
          0,
          0,
          0,
          0,
          0,
          0,
          0,
          0,
          0,
          0,
          0,
          0,
          0,
          0,
          0,
          0,
          0,
          0,
          0,
          0,
          0,
          0,
          0,
          0,
          0,
          0,
          0,
          0,
          0,
          0,
          0,
          0,
          0,
          0,
          0,
          0,
          0,
          0,
          0,
          0,
          0,
          0,
          0,
          0,
          0,
          0,
          0,
          0,
          0,
          0,
          0,
          0,
          0,
          0,
          0,
          0,
          0,
          0,
          0,
          0,
          0,
          0,
          0,
          0,
          0,
          0,
          0,
          0,
          0,
          0,
          0,
          0,
          0,
          0,
          0,
          0,
          0,
          0,
          0,
          0,
          0,
          0,
          0,
          0,
          0,
          0,
          0,
          0,
          0,
          0,
          0,
          0,
          0,
          0,
          0,
          0,
          0,
          0,
          0,
          0,
          0,
          0,
          0,
          0,
          0,
          0,
          0,
          0,
          0,
          0,
          0,
          0,
          0,
          0,
          0,
          0
        ],
        "size": 256
      }
    ],
    "stats": {
      "source_symbols": 1,
      "repair_symbols": 0,
      "total_symbols": 1
    }
  },
  "50": {
    "description": "Size 50 bytes",
    "input_bytes": [
      17,
      17,
      17,
      17,
      17,
      17,
      17,
      17,
      17,
      17,
      17,
      17,
      17,
      17,
      17,
      17,
      17,
      17,
      17,
      17,
      17,
      17,
      17,
      17,
      17,
      17,
      17,
      17,
      17,
      17,
      17,
      17,
      17,
      17,
      17,
      17,
      17,
      17,
      17,
      17,
      17,
      17,
      17,
      17,
      17,
      17,
      17,
      17,
      17,
      17
    ],
    "config": {
      "symbol_size": 256,
      "max_block_size": 8192,
      "repair_overhead": 1.0,
      "encoding_parallelism": 1,
      "decoding_parallelism": 1,
      "deterministic_seed": 1001
    },
    "symbols": [
      {
        "object_id": 19941707530364123742177133998493,
        "source_block_number": 0,
        "encoding_symbol_id": 0,
        "kind": "Source",
        "payload_bytes": [
          17,
          17,
          17,
          17,
          17,
          17,
          17,
          17,
          17,
          17,
          17,
          17,
          17,
          17,
          17,
          17,
          17,
          17,
          17,
          17,
          17,
          17,
          17,
          17,
          17,
          17,
          17,
          17,
          17,
          17,
          17,
          17,
          17,
          17,
          17,
          17,
          17,
          17,
          17,
          17,
          17,
          17,
          17,
          17,
          17,
          17,
          17,
          17,
          17,
          17,
          0,
          0,
          0,
          0,
          0,
          0,
          0,
          0,
          0,
          0,
          0,
          0,
          0,
          0,
          0,
          0,
          0,
          0,
          0,
          0,
          0,
          0,
          0,
          0,
          0,
          0,
          0,
          0,
          0,
          0,
          0,
          0,
          0,
          0,
          0,
          0,
          0,
          0,
          0,
          0,
          0,
          0,
          0,
          0,
          0,
          0,
          0,
          0,
          0,
          0,
          0,
          0,
          0,
          0,
          0,
          0,
          0,
          0,
          0,
          0,
          0,
          0,
          0,
          0,
          0,
          0,
          0,
          0,
          0,
          0,
          0,
          0,
          0,
          0,
          0,
          0,
          0,
          0,
          0,
          0,
          0,
          0,
          0,
          0,
          0,
          0,
          0,
          0,
          0,
          0,
          0,
          0,
          0,
          0,
          0,
          0,
          0,
          0,
          0,
          0,
          0,
          0,
          0,
          0,
          0,
          0,
          0,
          0,
          0,
          0,
          0,
          0,
          0,
          0,
          0,
          0,
          0,
          0,
          0,
          0,
          0,
          0,
          0,
          0,
          0,
          0,
          0,
          0,
          0,
          0,
          0,
          0,
          0,
          0,
          0,
          0,
          0,
          0,
          0,
          0,
          0,
          0,
          0,
          0,
          0,
          0,
          0,
          0,
          0,
          0,
          0,
          0,
          0,
          0,
          0,
          0,
          0,
          0,
          0,
          0,
          0,
          0,
          0,
          0,
          0,
          0,
          0,
          0,
          0,
          0,
          0,
          0,
          0,
          0,
          0,
          0,
          0,
          0,
          0,
          0,
          0,
          0,
          0,
          0,
          0,
          0,
          0,
          0,
          0,
          0,
          0,
          0,
          0,
          0,
          0,
          0,
          0,
          0,
          0,
          0,
          0,
          0,
          0,
          0,
          0,
          0
        ],
        "size": 256
      }
    ],
    "stats": {
      "source_symbols": 1,
      "repair_symbols": 0,
      "total_symbols": 1
    }
  },
  "100": {
    "description": "Size 100 bytes",
    "input_bytes": [
      18,
      18,
      18,
      18,
      18,
      18,
      18,
      18,
      18,
      18,
      18,
      18,
      18,
      18,
      18,
      18,
      18,
      18,
      18,
      18,
      18,
      18,
      18,
      18,
      18,
      18,
      18,
      18,
      18,
      18,
      18,
      18,
      18,
      18,
      18,
      18,
      18,
      18,
      18,
      18,
      18,
      18,
      18,
      18,
      18,
      18,
      18,
      18,
      18,
      18,
      18,
      18,
      18,
      18,
      18,
      18,
      18,
      18,
      18,
      18,
      18,
      18,
      18,
      18,
      18,
      18,
      18,
      18,
      18,
      18,
      18,
      18,
      18,
      18,
      18,
      18,
      18,
      18,
      18,
      18,
      18,
      18,
      18,
      18,
      18,
      18,
      18,
      18,
      18,
      18,
      18,
      18,
      18,
      18,
      18,
      18,
      18,
      18,
      18,
      18
    ],
    "config": {
      "symbol_size": 256,
      "max_block_size": 8192,
      "repair_overhead": 1.0,
      "encoding_parallelism": 1,
      "decoding_parallelism": 1,
      "deterministic_seed": 1002
    },
    "symbols": [
      {
        "object_id": 19921752848471951987867708755295,
        "source_block_number": 0,
        "encoding_symbol_id": 0,
        "kind": "Source",
        "payload_bytes": [
          18,
          18,
          18,
          18,
          18,
          18,
          18,
          18,
          18,
          18,
          18,
          18,
          18,
          18,
          18,
          18,
          18,
          18,
          18,
          18,
          18,
          18,
          18,
          18,
          18,
          18,
          18,
          18,
          18,
          18,
          18,
          18,
          18,
          18,
          18,
          18,
          18,
          18,
          18,
          18,
          18,
          18,
          18,
          18,
          18,
          18,
          18,
          18,
          18,
          18,
          18,
          18,
          18,
          18,
          18,
          18,
          18,
          18,
          18,
          18,
          18,
          18,
          18,
          18,
          18,
          18,
          18,
          18,
          18,
          18,
          18,
          18,
          18,
          18,
          18,
          18,
          18,
          18,
          18,
          18,
          18,
          18,
          18,
          18,
          18,
          18,
          18,
          18,
          18,
          18,
          18,
          18,
          18,
          18,
          18,
          18,
          18,
          18,
          18,
          18,
          0,
          0,
          0,
          0,
          0,
          0,
          0,
          0,
          0,
          0,
          0,
          0,
          0,
          0,
          0,
          0,
          0,
          0,
          0,
          0,
          0,
          0,
          0,
          0,
          0,
          0,
          0,
          0,
          0,
          0,
          0,
          0,
          0,
          0,
          0,
          0,
          0,
          0,
          0,
          0,
          0,
          0,
          0,
          0,
          0,
          0,
          0,
          0,
          0,
          0,
          0,
          0,
          0,
          0,
          0,
          0,
          0,
          0,
          0,
          0,
          0,
          0,
          0,
          0,
          0,
          0,
          0,
          0,
          0,
          0,
          0,
          0,
          0,
          0,
          0,
          0,
          0,
          0,
          0,
          0,
          0,
          0,
          0,
          0,
          0,
          0,
          0,
          0,
          0,
          0,
          0,
          0,
          0,
          0,
          0,
          0,
          0,
          0,
          0,
          0,
          0,
          0,
          0,
          0,
          0,
          0,
          0,
          0,
          0,
          0,
          0,
          0,
          0,
          0,
          0,
          0,
          0,
          0,
          0,
          0,
          0,
          0,
          0,
          0,
          0,
          0,
          0,
          0,
          0,
          0,
          0,
          0,
          0,
          0,
          0,
          0,
          0,
          0,
          0,
          0,
          0,
          0,
          0,
          0,
          0,
          0,
          0,
          0,
          0,
          0,
          0,
          0,
          0,
          0,
          0,
          0
        ],
        "size": 256
      }
    ],
    "stats": {
      "source_symbols": 1,
      "repair_symbols": 0,
      "total_symbols": 1
    }
  },
  "255": {
    "description": "Size 255 bytes",
    "input_bytes": [
      19,
      19,
      19,
      19,
      19,
      19,
      19,
      19,
      19,
      19,
      19,
      19,
      19,
      19,
      19,
      19,
      19,
      19,
      19,
      19,
      19,
      19,
      19,
      19,
      19,
      19,
      19,
      19,
      19,
      19,
      19,
      19,
      19,
      19,
      19,
      19,
      19,
      19,
      19,
      19,
      19,
      19,
      19,
      19,
      19,
      19,
      19,
      19,
      19,
      19,
      19,
      19,
      19,
      19,
      19,
      19,
      19,
      19,
      19,
      19,
      19,
      19,
      19,
      19,
      19,
      19,
      19,
      19,
      19,
      19,
      19,
      19,
      19,
      19,
      19,
      19,
      19,
      19,
      19,
      19,
      19,
      19,
      19,
      19,
      19,
      19,
      19,
      19,
      19,
      19,
      19,
      19,
      19,
      19,
      19,
      19,
      19,
      19,
      19,
      19,
      19,
      19,
      19,
      19,
      19,
      19,
      19,
      19,
      19,
      19,
      19,
      19,
      19,
      19,
      19,
      19,
      19,
      19,
      19,
      19,
      19,
      19,
      19,
      19,
      19,
      19,
      19,
      19,
      19,
      19,
      19,
      19,
      19,
      19,
      19,
      19,
      19,
      19,
      19,
      19,
      19,
      19,
      19,
      19,
      19,
      19,
      19,
      19,
      19,
      19,
      19,
      19,
      19,
      19,
      19,
      19,
      19,
      19,
      19,
      19,
      19,
      19,
      19,
      19,
      19,
      19,
      19,
      19,
      19,
      19,
      19,
      19,
      19,
      19,
      19,
      19,
      19,
      19,
      19,
      19,
      19,
      19,
      19,
      19,
      19,
      19,
      19,
      19,
      19,
      19,
      19,
      19,
      19,
      19,
      19,
      19,
      19,
      19,
      19,
      19,
      19,
      19,
      19,
      19,
      19,
      19,
      19,
      19,
      19,
      19,
      19,
      19,
      19,
      19,
      19,
      19,
      19,
      19,
      19,
      19,
      19,
      19,
      19,
      19,
      19,
      19,
      19,
      19,
      19,
      19,
      19,
      19,
      19,
      19,
      19,
      19,
      19,
      19,
      19,
      19,
      19,
      19,
      19,
      19,
      19,
      19,
      19,
      19,
      19,
      19,
      19,
      19,
      19,
      19,
      19
    ],
    "config": {
      "symbol_size": 256,
      "max_block_size": 8192,
      "repair_overhead": 1.0,
      "encoding_parallelism": 1,
      "decoding_parallelism": 1,
      "deterministic_seed": 1003
    },
    "symbols": [
      {
        "object_id": 19901788495173223035119165380894,
        "source_block_number": 0,
        "encoding_symbol_id": 0,
        "kind": "Source",
        "payload_bytes": [
          19,
          19,
          19,
          19,
          19,
          19,
          19,
          19,
          19,
          19,
          19,
          19,
          19,
          19,
          19,
          19,
          19,
          19,
          19,
          19,
          19,
          19,
          19,
          19,
          19,
          19,
          19,
          19,
          19,
          19,
          19,
          19,
          19,
          19,
          19,
          19,
          19,
          19,
          19,
          19,
          19,
          19,
          19,
          19,
          19,
          19,
          19,
          19,
          19,
          19,
          19,
          19,
          19,
          19,
          19,
          19,
          19,
          19,
          19,
          19,
          19,
          19,
          19,
          19,
          19,
          19,
          19,
          19,
          19,
          19,
          19,
          19,
          19,
          19,
          19,
          19,
          19,
          19,
          19,
          19,
          19,
          19,
          19,
          19,
          19,
          19,
          19,
          19,
          19,
          19,
          19,
          19,
          19,
          19,
          19,
          19,
          19,
          19,
          19,
          19,
          19,
          19,
          19,
          19,
          19,
          19,
          19,
          19,
          19,
          19,
          19,
          19,
          19,
          19,
          19,
          19,
          19,
          19,
          19,
          19,
          19,
          19,
          19,
          19,
          19,
          19,
          19,
          19,
          19,
          19,
          19,
          19,
          19,
          19,
          19,
          19,
          19,
          19,
          19,
          19,
          19,
          19,
          19,
          19,
          19,
          19,
          19,
          19,
          19,
          19,
          19,
          19,
          19,
          19,
          19,
          19,
          19,
          19,
          19,
          19,
          19,
          19,
          19,
          19,
          19,
          19,
          19,
          19,
          19,
          19,
          19,
          19,
          19,
          19,
          19,
          19,
          19,
          19,
          19,
          19,
          19,
          19,
          19,
          19,
          19,
          19,
          19,
          19,
          19,
          19,
          19,
          19,
          19,
          19,
          19,
          19,
          19,
          19,
          19,
          19,
          19,
          19,
          19,
          19,
          19,
          19,
          19,
          19,
          19,
          19,
          19,
          19,
          19,
          19,
          19,
          19,
          19,
          19,
          19,
          19,
          19,
          19,
          19,
          19,
          19,
          19,
          19,
          19,
          19,
          19,
          19,
          19,
          19,
          19,
          19,
          19,
          19,
          19,
          19,
          19,
          19,
          19,
          19,
          19,
          19,
          19,
          19,
          19,
          19,
          19,
          19,
          19,
          19,
          19,
          19,
          0
        ],
        "size": 256
      }
    ],
    "stats": {
      "source_symbols": 1,
      "repair_symbols": 0,
      "total_symbols": 1
    }
  },
  "256": {
    "description": "Size 256 bytes",
    "input_bytes": [
      20,
      20,
      20,
      20,
      20,
      20,
      20,
      20,
      20,
      20,
      20,
      20,
      20,
      20,
      20,
      20,
      20,
      20,
      20,
      20,
      20,
      20,
      20,
      20,
      20,
      20,
      20,
      20,
      20,
      20,
      20,
      20,
      20,
      20,
      20,
      20,
      20,
      20,
      20,
      20,
      20,
      20,
      20,
      20,
      20,
      20,
      20,
      20,
      20,
      20,
      20,
      20,
      20,
      20,
      20,
      20,
      20,
      20,
      20,
      20,
      20,
      20,
      20,
      20,
      20,
      20,
      20,
      20,
      20,
      20,
      20,
      20,
      20,
      20,
      20,
      20,
      20,
      20,
      20,
      20,
      20,
      20,
      20,
      20,
      20,
      20,
      20,
      20,
      20,
      20,
      20,
      20,
      20,
      20,
      20,
      20,
      20,
      20,
      20,
      20,
      20,
      20,
      20,
      20,
      20,
      20,
      20,
      20,
      20,
      20,
      20,
      20,
      20,
      20,
      20,
      20,
      20,
      20,
      20,
      20,
      20,
      20,
      20,
      20,
      20,
      20,
      20,
      20,
      20,
      20,
      20,
      20,
      20,
      20,
      20,
      20,
      20,
      20,
      20,
      20,
      20,
      20,
      20,
      20,
      20,
      20,
      20,
      20,
      20,
      20,
      20,
      20,
      20,
      20,
      20,
      20,
      20,
      20,
      20,
      20,
      20,
      20,
      20,
      20,
      20,
      20,
      20,
      20,
      20,
      20,
      20,
      20,
      20,
      20,
      20,
      20,
      20,
      20,
      20,
      20,
      20,
      20,
      20,
      20,
      20,
      20,
      20,
      20,
      20,
      20,
      20,
      20,
      20,
      20,
      20,
      20,
      20,
      20,
      20,
      20,
      20,
      20,
      20,
      20,
      20,
      20,
      20,
      20,
      20,
      20,
      20,
      20,
      20,
      20,
      20,
      20,
      20,
      20,
      20,
      20,
      20,
      20,
      20,
      20,
      20,
      20,
      20,
      20,
      20,
      20,
      20,
      20,
      20,
      20,
      20,
      20,
      20,
      20,
      20,
      20,
      20,
      20,
      20,
      20,
      20,
      20,
      20,
      20,
      20,
      20,
      20,
      20,
      20,
      20,
      20,
      20
    ],
    "config": {
      "symbol_size": 256,
      "max_block_size": 8192,
      "repair_overhead": 1.0,
      "encoding_parallelism": 1,
      "decoding_parallelism": 1,
      "deterministic_seed": 1004
    },
    "symbols": [
      {
        "object_id": 19881833813281051280776185738458,
        "source_block_number": 0,
        "encoding_symbol_id": 0,
        "kind": "Source",
        "payload_bytes": [
          20,
          20,
          20,
          20,
          20,
          20,
          20,
          20,
          20,
          20,
          20,
          20,
          20,
          20,
          20,
          20,
          20,
          20,
          20,
          20,
          20,
          20,
          20,
          20,
          20,
          20,
          20,
          20,
          20,
          20,
          20,
          20,
          20,
          20,
          20,
          20,
          20,
          20,
          20,
          20,
          20,
          20,
          20,
          20,
          20,
          20,
          20,
          20,
          20,
          20,
          20,
          20,
          20,
          20,
          20,
          20,
          20,
          20,
          20,
          20,
          20,
          20,
          20,
          20,
          20,
          20,
          20,
          20,
          20,
          20,
          20,
          20,
          20,
          20,
          20,
          20,
          20,
          20,
          20,
          20,
          20,
          20,
          20,
          20,
          20,
          20,
          20,
          20,
          20,
          20,
          20,
          20,
          20,
          20,
          20,
          20,
          20,
          20,
          20,
          20,
          20,
          20,
          20,
          20,
          20,
          20,
          20,
          20,
          20,
          20,
          20,
          20,
          20,
          20,
          20,
          20,
          20,
          20,
          20,
          20,
          20,
          20,
          20,
          20,
          20,
          20,
          20,
          20,
          20,
          20,
          20,
          20,
          20,
          20,
          20,
          20,
          20,
          20,
          20,
          20,
          20,
          20,
          20,
          20,
          20,
          20,
          20,
          20,
          20,
          20,
          20,
          20,
          20,
          20,
          20,
          20,
          20,
          20,
          20,
          20,
          20,
          20,
          20,
          20,
          20,
          20,
          20,
          20,
          20,
          20,
          20,
          20,
          20,
          20,
          20,
          20,
          20,
          20,
          20,
          20,
          20,
          20,
          20,
          20,
          20,
          20,
          20,
          20,
          20,
          20,
          20,
          20,
          20,
          20,
          20,
          20,
          20,
          20,
          20,
          20,
          20,
          20,
          20,
          20,
          20,
          20,
          20,
          20,
          20,
          20,
          20,
          20,
          20,
          20,
          20,
          20,
          20,
          20,
          20,
          20,
          20,
          20,
          20,
          20,
          20,
          20,
          20,
          20,
          20,
          20,
          20,
          20,
          20,
          20,
          20,
          20,
          20,
          20,
          20,
          20,
          20,
          20,
          20,
          20,
          20,
          20,
          20,
          20,
          20,
          20,
          20,
          20,
          20,
          20,
          20,
          20
        ],
        "size": 256
      }
    ],
    "stats": {
      "source_symbols": 1,
      "repair_symbols": 0,
      "total_symbols": 1
    }
  },
  "257": {
    "description": "Size 257 bytes",
    "input_bytes": [
      21,
      21,
      21,
      21,
      21,
      21,
      21,
      21,
      21,
      21,
      21,
      21,
      21,
      21,
      21,
      21,
      21,
      21,
      21,
      21,
      21,
      21,
      21,
      21,
      21,
      21,
      21,
      21,
      21,
      21,
      21,
      21,
      21,
      21,
      21,
      21,
      21,
      21,
      21,
      21,
      21,
      21,
      21,
      21,
      21,
      21,
      21,
      21,
      21,
      21,
      21,
      21,
      21,
      21,
      21,
      21,
      21,
      21,
      21,
      21,
      21,
      21,
      21,
      21,
      21,
      21,
      21,
      21,
      21,
      21,
      21,
      21,
      21,
      21,
      21,
      21,
      21,
      21,
      21,
      21,
      21,
      21,
      21,
      21,
      21,
      21,
      21,
      21,
      21,
      21,
      21,
      21,
      21,
      21,
      21,
      21,
      21,
      21,
      21,
      21,
      21,
      21,
      21,
      21,
      21,
      21,
      21,
      21,
      21,
      21,
      21,
      21,
      21,
      21,
      21,
      21,
      21,
      21,
      21,
      21,
      21,
      21,
      21,
      21,
      21,
      21,
      21,
      21,
      21,
      21,
      21,
      21,
      21,
      21,
      21,
      21,
      21,
      21,
      21,
      21,
      21,
      21,
      21,
      21,
      21,
      21,
      21,
      21,
      21,
      21,
      21,
      21,
      21,
      21,
      21,
      21,
      21,
      21,
      21,
      21,
      21,
      21,
      21,
      21,
      21,
      21,
      21,
      21,
      21,
      21,
      21,
      21,
      21,
      21,
      21,
      21,
      21,
      21,
      21,
      21,
      21,
      21,
      21,
      21,
      21,
      21,
      21,
      21,
      21,
      21,
      21,
      21,
      21,
      21,
      21,
      21,
      21,
      21,
      21,
      21,
      21,
      21,
      21,
      21,
      21,
      21,
      21,
      21,
      21,
      21,
      21,
      21,
      21,
      21,
      21,
      21,
      21,
      21,
      21,
      21,
      21,
      21,
      21,
      21,
      21,
      21,
      21,
      21,
      21,
      21,
      21,
      21,
      21,
      21,
      21,
      21,
      21,
      21,
      21,
      21,
      21,
      21,
      21,
      21,
      21,
      21,
      21,
      21,
      21,
      21,
      21,
      21,
      21,
      21,
      21,
      21,
      21
    ],
    "config": {
      "symbol_size": 256,
      "max_block_size": 8192,
      "repair_overhead": 1.0,
      "encoding_parallelism": 1,
      "decoding_parallelism": 1,
      "deterministic_seed": 1005
    },
    "symbols": [
      {
        "object_id": 19861869459982322327993014182043,
        "source_block_number": 0,
        "encoding_symbol_id": 0,
        "kind": "Source",
        "payload_bytes": [
          21,
          21,
          21,
          21,
          21,
          21,
          21,
          21,
          21,
          21,
          21,
          21,
          21,
          21,
          21,
          21,
          21,
          21,
          21,
          21,
          21,
          21,
          21,
          21,
          21,
          21,
          21,
          21,
          21,
          21,
          21,
          21,
          21,
          21,
          21,
          21,
          21,
          21,
          21,
          21,
          21,
          21,
          21,
          21,
          21,
          21,
          21,
          21,
          21,
          21,
          21,
          21,
          21,
          21,
          21,
          21,
          21,
          21,
          21,
          21,
          21,
          21,
          21,
          21,
          21,
          21,
          21,
          21,
          21,
          21,
          21,
          21,
          21,
          21,
          21,
          21,
          21,
          21,
          21,
          21,
          21,
          21,
          21,
          21,
          21,
          21,
          21,
          21,
          21,
          21,
          21,
          21,
          21,
          21,
          21,
          21,
          21,
          21,
          21,
          21,
          21,
          21,
          21,
          21,
          21,
          21,
          21,
          21,
          21,
          21,
          21,
          21,
          21,
          21,
          21,
          21,
          21,
          21,
          21,
          21,
          21,
          21,
          21,
          21,
          21,
          21,
          21,
          21,
          21,
          21,
          21,
          21,
          21,
          21,
          21,
          21,
          21,
          21,
          21,
          21,
          21,
          21,
          21,
          21,
          21,
          21,
          21,
          21,
          21,
          21,
          21,
          21,
          21,
          21,
          21,
          21,
          21,
          21,
          21,
          21,
          21,
          21,
          21,
          21,
          21,
          21,
          21,
          21,
          21,
          21,
          21,
          21,
          21,
          21,
          21,
          21,
          21,
          21,
          21,
          21,
          21,
          21,
          21,
          21,
          21,
          21,
          21,
          21,
          21,
          21,
          21,
          21,
          21,
          21,
          21,
          21,
          21,
          21,
          21,
          21,
          21,
          21,
          21,
          21,
          21,
          21,
          21,
          21,
          21,
          21,
          21,
          21,
          21,
          21,
          21,
          21,
          21,
          21,
          21,
          21,
          21,
          21,
          21,
          21,
          21,
          21,
          21,
          21,
          21,
          21,
          21,
          21,
          21,
          21,
          21,
          21,
          21,
          21,
          21,
          21,
          21,
          21,
          21,
          21,
          21,
          21,
          21,
          21,
          21,
          21,
          21,
          21,
          21,
          21,
          21,
          21
        ],
        "size": 256
      },
      {
        "object_id": 19861869459982322327993014182043,
        "source_block_number": 0,
        "encoding_symbol_id": 1,
        "kind": "Source",
        "payload_bytes": [
          21,
          0,
          0,
          0,
          0,
          0,
          0,
          0,
          0,
          0,
          0,
          0,
          0,
          0,
          0,
          0,
          0,
          0,
          0,
          0,
          0,
          0,
          0,
          0,
          0,
          0,
          0,
          0,
          0,
          0,
          0,
          0,
          0,
          0,
          0,
          0,
          0,
          0,
          0,
          0,
          0,
          0,
          0,
          0,
          0,
          0,
          0,
          0,
          0,
          0,
          0,
          0,
          0,
          0,
          0,
          0,
          0,
          0,
          0,
          0,
          0,
          0,
          0,
          0,
          0,
          0,
          0,
          0,
          0,
          0,
          0,
          0,
          0,
          0,
          0,
          0,
          0,
          0,
          0,
          0,
          0,
          0,
          0,
          0,
          0,
          0,
          0,
          0,
          0,
          0,
          0,
          0,
          0,
          0,
          0,
          0,
          0,
          0,
          0,
          0,
          0,
          0,
          0,
          0,
          0,
          0,
          0,
          0,
          0,
          0,
          0,
          0,
          0,
          0,
          0,
          0,
          0,
          0,
          0,
          0,
          0,
          0,
          0,
          0,
          0,
          0,
          0,
          0,
          0,
          0,
          0,
          0,
          0,
          0,
          0,
          0,
          0,
          0,
          0,
          0,
          0,
          0,
          0,
          0,
          0,
          0,
          0,
          0,
          0,
          0,
          0,
          0,
          0,
          0,
          0,
          0,
          0,
          0,
          0,
          0,
          0,
          0,
          0,
          0,
          0,
          0,
          0,
          0,
          0,
          0,
          0,
          0,
          0,
          0,
          0,
          0,
          0,
          0,
          0,
          0,
          0,
          0,
          0,
          0,
          0,
          0,
          0,
          0,
          0,
          0,
          0,
          0,
          0,
          0,
          0,
          0,
          0,
          0,
          0,
          0,
          0,
          0,
          0,
          0,
          0,
          0,
          0,
          0,
          0,
          0,
          0,
          0,
          0,
          0,
          0,
          0,
          0,
          0,
          0,
          0,
          0,
          0,
          0,
          0,
          0,
          0,
          0,
          0,
          0,
          0,
          0,
          0,
          0,
          0,
          0,
          0,
          0,
          0,
          0,
          0,
          0,
          0,
          0,
          0,
          0,
          0,
          0,
          0,
          0,
          0,
          0,
          0,
          0,
          0,
          0,
          0
        ],
        "size": 256
      }
    ],
    "stats": {
      "source_symbols": 2,
      "repair_symbols": 0,
      "total_symbols": 2
    }
  },
  "500": {
    "description": "Size 500 bytes",
    "input_bytes": [
      22,
      22,
      22,
      22,
      22,
      22,
      22,
      22,
      22,
      22,
      22,
      22,
      22,
      22,
      22,
      22,
      22,
      22,
      22,
      22,
      22,
      22,
      22,
      22,
      22,
      22,
      22,
      22,
      22,
      22,
      22,
      22,
      22,
      22,
      22,
      22,
      22,
      22,
      22,
      22,
      22,
      22,
      22,
      22,
      22,
      22,
      22,
      22,
      22,
      22,
      22,
      22,
      22,
      22,
      22,
      22,
      22,
      22,
      22,
      22,
      22,
      22,
      22,
      22,
      22,
      22,
      22,
      22,
      22,
      22,
      22,
      22,
      22,
      22,
      22,
      22,
      22,
      22,
      22,
      22,
      22,
      22,
      22,
      22,
      22,
      22,
      22,
      22,
      22,
      22,
      22,
      22,
      22,
      22,
      22,
      22,
      22,
      22,
      22,
      22,
      22,
      22,
      22,
      22,
      22,
      22,
      22,
      22,
      22,
      22,
      22,
      22,
      22,
      22,
      22,
      22,
      22,
      22,
      22,
      22,
      22,
      22,
      22,
      22,
      22,
      22,
      22,
      22,
      22,
      22,
      22,
      22,
      22,
      22,
      22,
      22,
      22,
      22,
      22,
      22,
      22,
      22,
      22,
      22,
      22,
      22,
      22,
      22,
      22,
      22,
      22,
      22,
      22,
      22,
      22,
      22,
      22,
      22,
      22,
      22,
      22,
      22,
      22,
      22,
      22,
      22,
      22,
      22,
      22,
      22,
      22,
      22,
      22,
      22,
      22,
      22,
      22,
      22,
      22,
      22,
      22,
      22,
      22,
      22,
      22,
      22,
      22,
      22,
      22,
      22,
      22,
      22,
      22,
      22,
      22,
      22,
      22,
      22,
      22,
      22,
      22,
      22,
      22,
      22,
      22,
      22,
      22,
      22,
      22,
      22,
      22,
      22,
      22,
      22,
      22,
      22,
      22,
      22,
      22,
      22,
      22,
      22,
      22,
      22,
      22,
      22,
      22,
      22,
      22,
      22,
      22,
      22,
      22,
      22,
      22,
      22,
      22,
      22,
      22,
      22,
      22,
      22,
      22,
      22,
      22,
      22,
      22,
      22,
      22,
      22,
      22,
      22,
      22,
      22,
      22,
      22,
      22,
      22,
      22,
      22,
      22,
      22,
      22,
      22,
      22,
      22,
      22,
      22,
      22,
      22,
      22,
      22,
      22,
      22,
      22,
      22,
      22,
      22,
      22,
      22,
      22,
      22,
      22,
      22,
      22,
      22,
      22,
      22,
      22,
      22,
      22,
      22,
      22,
      22,
      22,
      22,
      22,
      22,
      22,
      22,
      22,
      22,
      22,
      22,
      22,
      22,
      22,
      22,
      22,
      22,
      22,
      22,
      22,
      22,
      22,
      22,
      22,
      22,
      22,
      22,
      22,
      22,
      22,
      22,
      22,
      22,
      22,
      22,
      22,
      22,
      22,
      22,
      22,
      22,
      22,
      22,
      22,
      22,
      22,
      22,
      22,
      22,
      22,
      22,
      22,
      22,
      22,
      22,
      22,
      22,
      22,
      22,
      22,
      22,
      22,
      22,
      22,
      22,
      22,
      22,
      22,
      22,
      22,
      22,
      22,
      22,
      22,
      22,
      22,
      22,
      22,
      22,
      22,
      22,
      22,
      22,
      22,
      22,
      22,
      22,
      22,
      22,
      22,
      22,
      22,
      22,
      22,
      22,
      22,
      22,
      22,
      22,
      22,
      22,
      22,
      22,
      22,
      22,
      22,
      22,
      22,
      22,
      22,
      22,
      22,
      22,
      22,
      22,
      22,
      22,
      22,
      22,
      22,
      22,
      22,
      22,
      22,
      22,
      22,
      22,
      22,
      22,
      22,
      22,
      22,
      22,
      22,
      22,
      22,
      22,
      22,
      22,
      22,
      22,
      22,
      22,
      22,
      22,
      22,
      22,
      22,
      22,
      22,
      22,
      22,
      22,
      22,
      22,
      22,
      22,
      22,
      22,
      22,
      22,
      22,
      22,
      22,
      22,
      22,
      22,
      22,
      22,
      22,
      22,
      22,
      22,
      22,
      22,
      22,
      22,
      22,
      22,
      22,
      22,
      22,
      22,
      22,
      22,
      22,
      22,
      22,
      22,
      22,
      22,
      22,
      22,
      22,
      22,
      22,
      22,
      22,
      22,
      22,
      22,
      22,
      22,
      22,
      22,
      22,
      22
    ],
    "config": {
      "symbol_size": 256,
      "max_block_size": 8192,
      "repair_overhead": 1.0,
      "encoding_parallelism": 1,
      "decoding_parallelism": 1,
      "deterministic_seed": 1006
    },
    "symbols": [
      {
        "object_id": 19841914778090150573752845294681,
        "source_block_number": 0,
        "encoding_symbol_id": 0,
        "kind": "Source",
        "payload_bytes": [
          22,
          22,
          22,
          22,
          22,
          22,
          22,
          22,
          22,
          22,
          22,
          22,
          22,
          22,
          22,
          22,
          22,
          22,
          22,
          22,
          22,
          22,
          22,
          22,
          22,
          22,
          22,
          22,
          22,
          22,
          22,
          22,
          22,
          22,
          22,
          22,
          22,
          22,
          22,
          22,
          22,
          22,
          22,
          22,
          22,
          22,
          22,
          22,
          22,
          22,
          22,
          22,
          22,
          22,
          22,
          22,
          22,
          22,
          22,
          22,
          22,
          22,
          22,
          22,
          22,
          22,
          22,
          22,
          22,
          22,
          22,
          22,
          22,
          22,
          22,
          22,
          22,
          22,
          22,
          22,
          22,
          22,
          22,
          22,
          22,
          22,
          22,
          22,
          22,
          22,
          22,
          22,
          22,
          22,
          22,
          22,
          22,
          22,
          22,
          22,
          22,
          22,
          22,
          22,
          22,
          22,
          22,
          22,
          22,
          22,
          22,
          22,
          22,
          22,
          22,
          22,
          22,
          22,
          22,
          22,
          22,
          22,
          22,
          22,
          22,
          22,
          22,
          22,
          22,
          22,
          22,
          22,
          22,
          22,
          22,
          22,
          22,
          22,
          22,
          22,
          22,
          22,
          22,
          22,
          22,
          22,
          22,
          22,
          22,
          22,
          22,
          22,
          22,
          22,
          22,
          22,
          22,
          22,
          22,
          22,
          22,
          22,
          22,
          22,
          22,
          22,
          22,
          22,
          22,
          22,
          22,
          22,
          22,
          22,
          22,
          22,
          22,
          22,
          22,
          22,
          22,
          22,
          22,
          22,
          22,
          22,
          22,
          22,
          22,
          22,
          22,
          22,
          22,
          22,
          22,
          22,
          22,
          22,
          22,
          22,
          22,
          22,
          22,
          22,
          22,
          22,
          22,
          22,
          22,
          22,
          22,
          22,
          22,
          22,
          22,
          22,
          22,
          22,
          22,
          22,
          22,
          22,
          22,
          22,
          22,
          22,
          22,
          22,
          22,
          22,
          22,
          22,
          22,
          22,
          22,
          22,
          22,
          22,
          22,
          22,
          22,
          22,
          22,
          22,
          22,
          22,
          22,
          22,
          22,
          22,
          22,
          22,
          22,
          22,
          22,
          22
        ],
        "size": 256
      },
      {
        "object_id": 19841914778090150573752845294681,
        "source_block_number": 0,
        "encoding_symbol_id": 1,
        "kind": "Source",
        "payload_bytes": [
          22,
          22,
          22,
          22,
          22,
          22,
          22,
          22,
          22,
          22,
          22,
          22,
          22,
          22,
          22,
          22,
          22,
          22,
          22,
          22,
          22,
          22,
          22,
          22,
          22,
          22,
          22,
          22,
          22,
          22,
          22,
          22,
          22,
          22,
          22,
          22,
          22,
          22,
          22,
          22,
          22,
          22,
          22,
          22,
          22,
          22,
          22,
          22,
          22,
          22,
          22,
          22,
          22,
          22,
          22,
          22,
          22,
          22,
          22,
          22,
          22,
          22,
          22,
          22,
          22,
          22,
          22,
          22,
          22,
          22,
          22,
          22,
          22,
          22,
          22,
          22,
          22,
          22,
          22,
          22,
          22,
          22,
          22,
          22,
          22,
          22,
          22,
          22,
          22,
          22,
          22,
          22,
          22,
          22,
          22,
          22,
          22,
          22,
          22,
          22,
          22,
          22,
          22,
          22,
          22,
          22,
          22,
          22,
          22,
          22,
          22,
          22,
          22,
          22,
          22,
          22,
          22,
          22,
          22,
          22,
          22,
          22,
          22,
          22,
          22,
          22,
          22,
          22,
          22,
          22,
          22,
          22,
          22,
          22,
          22,
          22,
          22,
          22,
          22,
          22,
          22,
          22,
          22,
          22,
          22,
          22,
          22,
          22,
          22,
          22,
          22,
          22,
          22,
          22,
          22,
          22,
          22,
          22,
          22,
          22,
          22,
          22,
          22,
          22,
          22,
          22,
          22,
          22,
          22,
          22,
          22,
          22,
          22,
          22,
          22,
          22,
          22,
          22,
          22,
          22,
          22,
          22,
          22,
          22,
          22,
          22,
          22,
          22,
          22,
          22,
          22,
          22,
          22,
          22,
          22,
          22,
          22,
          22,
          22,
          22,
          22,
          22,
          22,
          22,
          22,
          22,
          22,
          22,
          22,
          22,
          22,
          22,
          22,
          22,
          22,
          22,
          22,
          22,
          22,
          22,
          22,
          22,
          22,
          22,
          22,
          22,
          22,
          22,
          22,
          22,
          22,
          22,
          22,
          22,
          22,
          22,
          22,
          22,
          22,
          22,
          22,
          22,
          22,
          22,
          0,
          0,
          0,
          0,
          0,
          0,
          0,
          0,
          0,
          0,
          0,
          0
        ],
        "size": 256
      }
    ],
    "stats": {
      "source_symbols": 2,
      "repair_symbols": 0,
      "total_symbols": 2
    }
  },
  "512": {
    "description": "Size 512 bytes",
    "input_bytes": [
      23,
      23,
      23,
      23,
      23,
      23,
      23,
      23,
      23,
      23,
      23,
      23,
      23,
      23,
      23,
      23,
      23,
      23,
      23,
      23,
      23,
      23,
      23,
      23,
      23,
      23,
      23,
      23,
      23,
      23,
      23,
      23,
      23,
      23,
      23,
      23,
      23,
      23,
      23,
      23,
      23,
      23,
      23,
      23,
      23,
      23,
      23,
      23,
      23,
      23,
      23,
      23,
      23,
      23,
      23,
      23,
      23,
      23,
      23,
      23,
      23,
      23,
      23,
      23,
      23,
      23,
      23,
      23,
      23,
      23,
      23,
      23,
      23,
      23,
      23,
      23,
      23,
      23,
      23,
      23,
      23,
      23,
      23,
      23,
      23,
      23,
      23,
      23,
      23,
      23,
      23,
      23,
      23,
      23,
      23,
      23,
      23,
      23,
      23,
      23,
      23,
      23,
      23,
      23,
      23,
      23,
      23,
      23,
      23,
      23,
      23,
      23,
      23,
      23,
      23,
      23,
      23,
      23,
      23,
      23,
      23,
      23,
      23,
      23,
      23,
      23,
      23,
      23,
      23,
      23,
      23,
      23,
      23,
      23,
      23,
      23,
      23,
      23,
      23,
      23,
      23,
      23,
      23,
      23,
      23,
      23,
      23,
      23,
      23,
      23,
      23,
      23,
      23,
      23,
      23,
      23,
      23,
      23,
      23,
      23,
      23,
      23,
      23,
      23,
      23,
      23,
      23,
      23,
      23,
      23,
      23,
      23,
      23,
      23,
      23,
      23,
      23,
      23,
      23,
      23,
      23,
      23,
      23,
      23,
      23,
      23,
      23,
      23,
      23,
      23,
      23,
      23,
      23,
      23,
      23,
      23,
      23,
      23,
      23,
      23,
      23,
      23,
      23,
      23,
      23,
      23,
      23,
      23,
      23,
      23,
      23,
      23,
      23,
      23,
      23,
      23,
      23,
      23,
      23,
      23,
      23,
      23,
      23,
      23,
      23,
      23,
      23,
      23,
      23,
      23,
      23,
      23,
      23,
      23,
      23,
      23,
      23,
      23,
      23,
      23,
      23,
      23,
      23,
      23,
      23,
      23,
      23,
      23,
      23,
      23,
      23,
      23,
      23,
      23,
      23,
      23,
      23,
      23,
      23,
      23,
      23,
      23,
      23,
      23,
      23,
      23,
      23,
      23,
      23,
      23,
      23,
      23,
      23,
      23,
      23,
      23,
      23,
      23,
      23,
      23,
      23,
      23,
      23,
      23,
      23,
      23,
      23,
      23,
      23,
      23,
      23,
      23,
      23,
      23,
      23,
      23,
      23,
      23,
      23,
      23,
      23,
      23,
      23,
      23,
      23,
      23,
      23,
      23,
      23,
      23,
      23,
      23,
      23,
      23,
      23,
      23,
      23,
      23,
      23,
      23,
      23,
      23,
      23,
      23,
      23,
      23,
      23,
      23,
      23,
      23,
      23,
      23,
      23,
      23,
      23,
      23,
      23,
      23,
      23,
      23,
      23,
      23,
      23,
      23,
      23,
      23,
      23,
      23,
      23,
      23,
      23,
      23,
      23,
      23,
      23,
      23,
      23,
      23,
      23,
      23,
      23,
      23,
      23,
      23,
      23,
      23,
      23,
      23,
      23,
      23,
      23,
      23,
      23,
      23,
      23,
      23,
      23,
      23,
      23,
      23,
      23,
      23,
      23,
      23,
      23,
      23,
      23,
      23,
      23,
      23,
      23,
      23,
      23,
      23,
      23,
      23,
      23,
      23,
      23,
      23,
      23,
      23,
      23,
      23,
      23,
      23,
      23,
      23,
      23,
      23,
      23,
      23,
      23,
      23,
      23,
      23,
      23,
      23,
      23,
      23,
      23,
      23,
      23,
      23,
      23,
      23,
      23,
      23,
      23,
      23,
      23,
      23,
      23,
      23,
      23,
      23,
      23,
      23,
      23,
      23,
      23,
      23,
      23,
      23,
      23,
      23,
      23,
      23,
      23,
      23,
      23,
      23,
      23,
      23,
      23,
      23,
      23,
      23,
      23,
      23,
      23,
      23,
      23,
      23,
      23,
      23,
      23,
      23,
      23,
      23,
      23,
      23,
      23,
      23,
      23,
      23,
      23,
      23,
      23,
      23,
      23,
      23,
      23,
      23,
      23,
      23,
      23,
      23,
      23,
      23,
      23,
      23,
      23,
      23,
      23,
      23,
      23,
      23,
      23,
      23,
      23,
      23,
      23,
      23,
      23,
      23,
      23,
      23,
      23,
      23,
      23,
      23
    ],
    "config": {
      "symbol_size": 256,
      "max_block_size": 8192,
      "repair_overhead": 1.0,
      "encoding_parallelism": 1,
      "decoding_parallelism": 1,
      "deterministic_seed": 1007
    },
    "symbols": [
      {
        "object_id": 19821950424791421621004301912088,
        "source_block_number": 0,
        "encoding_symbol_id": 0,
        "kind": "Source",
        "payload_bytes": [
          23,
          23,
          23,
          23,
          23,
          23,
          23,
          23,
          23,
          23,
          23,
          23,
          23,
          23,
          23,
          23,
          23,
          23,
          23,
          23,
          23,
          23,
          23,
          23,
          23,
          23,
          23,
          23,
          23,
          23,
          23,
          23,
          23,
          23,
          23,
          23,
          23,
          23,
          23,
          23,
          23,
          23,
          23,
          23,
          23,
          23,
          23,
          23,
          23,
          23,
          23,
          23,
          23,
          23,
          23,
          23,
          23,
          23,
          23,
          23,
          23,
          23,
          23,
          23,
          23,
          23,
          23,
          23,
          23,
          23,
          23,
          23,
          23,
          23,
          23,
          23,
          23,
          23,
          23,
          23,
          23,
          23,
          23,
          23,
          23,
          23,
          23,
          23,
          23,
          23,
          23,
          23,
          23,
          23,
          23,
          23,
          23,
          23,
          23,
          23,
          23,
          23,
          23,
          23,
          23,
          23,
          23,
          23,
          23,
          23,
          23,
          23,
          23,
          23,
          23,
          23,
          23,
          23,
          23,
          23,
          23,
          23,
          23,
          23,
          23,
          23,
          23,
          23,
          23,
          23,
          23,
          23,
          23,
          23,
          23,
          23,
          23,
          23,
          23,
          23,
          23,
          23,
          23,
          23,
          23,
          23,
          23,
          23,
          23,
          23,
          23,
          23,
          23,
          23,
          23,
          23,
          23,
          23,
          23,
          23,
          23,
          23,
          23,
          23,
          23,
          23,
          23,
          23,
          23,
          23,
          23,
          23,
          23,
          23,
          23,
          23,
          23,
          23,
          23,
          23,
          23,
          23,
          23,
          23,
          23,
          23,
          23,
          23,
          23,
          23,
          23,
          23,
          23,
          23,
          23,
          23,
          23,
          23,
          23,
          23,
          23,
          23,
          23,
          23,
          23,
          23,
          23,
          23,
          23,
          23,
          23,
          23,
          23,
          23,
          23,
          23,
          23,
          23,
          23,
          23,
          23,
          23,
          23,
          23,
          23,
          23,
          23,
          23,
          23,
          23,
          23,
          23,
          23,
          23,
          23,
          23,
          23,
          23,
          23,
          23,
          23,
          23,
          23,
          23,
          23,
          23,
          23,
          23,
          23,
          23,
          23,
          23,
          23,
          23,
          23,
          23
        ],
        "size": 256
      },
      {
        "object_id": 19821950424791421621004301912088,
        "source_block_number": 0,
        "encoding_symbol_id": 1,
        "kind": "Source",
        "payload_bytes": [
          23,
          23,
          23,
          23,
          23,
          23,
          23,
          23,
          23,
          23,
          23,
          23,
          23,
          23,
          23,
          23,
          23,
          23,
          23,
          23,
          23,
          23,
          23,
          23,
          23,
          23,
          23,
          23,
          23,
          23,
          23,
          23,
          23,
          23,
          23,
          23,
          23,
          23,
          23,
          23,
          23,
          23,
          23,
          23,
          23,
          23,
          23,
          23,
          23,
          23,
          23,
          23,
          23,
          23,
          23,
          23,
          23,
          23,
          23,
          23,
          23,
          23,
          23,
          23,
          23,
          23,
          23,
          23,
          23,
          23,
          23,
          23,
          23,
          23,
          23,
          23,
          23,
          23,
          23,
          23,
          23,
          23,
          23,
          23,
          23,
          23,
          23,
          23,
          23,
          23,
          23,
          23,
          23,
          23,
          23,
          23,
          23,
          23,
          23,
          23,
          23,
          23,
          23,
          23,
          23,
          23,
          23,
          23,
          23,
          23,
          23,
          23,
          23,
          23,
          23,
          23,
          23,
          23,
          23,
          23,
          23,
          23,
          23,
          23,
          23,
          23,
          23,
          23,
          23,
          23,
          23,
          23,
          23,
          23,
          23,
          23,
          23,
          23,
          23,
          23,
          23,
          23,
          23,
          23,
          23,
          23,
          23,
          23,
          23,
          23,
          23,
          23,
          23,
          23,
          23,
          23,
          23,
          23,
          23,
          23,
          23,
          23,
          23,
          23,
          23,
          23,
          23,
          23,
          23,
          23,
          23,
          23,
          23,
          23,
          23,
          23,
          23,
          23,
          23,
          23,
          23,
          23,
          23,
          23,
          23,
          23,
          23,
          23,
          23,
          23,
          23,
          23,
          23,
          23,
          23,
          23,
          23,
          23,
          23,
          23,
          23,
          23,
          23,
          23,
          23,
          23,
          23,
          23,
          23,
          23,
          23,
          23,
          23,
          23,
          23,
          23,
          23,
          23,
          23,
          23,
          23,
          23,
          23,
          23,
          23,
          23,
          23,
          23,
          23,
          23,
          23,
          23,
          23,
          23,
          23,
          23,
          23,
          23,
          23,
          23,
          23,
          23,
          23,
          23,
          23,
          23,
          23,
          23,
          23,
          23,
          23,
          23,
          23,
          23,
          23,
          23
        ],
        "size": 256
      }
    ],
    "stats": {
      "source_symbols": 2,
      "repair_symbols": 0,
      "total_symbols": 2
    }
  },
  "1000": {
    "description": "Size 1000 bytes",
    "input_bytes": [
      24,
      24,
      24,
      24,
      24,
      24,
      24,
      24,
      24,
      24,
      24,
      24,
      24,
      24,
      24,
      24,
      24,
      24,
      24,
      24,
      24,
      24,
      24,
      24,
      24,
      24,
      24,
      24,
      24,
      24,
      24,
      24,
      24,
      24,
      24,
      24,
      24,
      24,
      24,
      24,
      24,
      24,
      24,
      24,
      24,
      24,
      24,
      24,
      24,
      24,
      24,
      24,
      24,
      24,
      24,
      24,
      24,
      24,
      24,
      24,
      24,
      24,
      24,
      24,
      24,
      24,
      24,
      24,
      24,
      24,
      24,
      24,
      24,
      24,
      24,
      24,
      24,
      24,
      24,
      24,
      24,
      24,
      24,
      24,
      24,
      24,
      24,
      24,
      24,
      24,
      24,
      24,
      24,
      24,
      24,
      24,
      24,
      24,
      24,
      24,
      24,
      24,
      24,
      24,
      24,
      24,
      24,
      24,
      24,
      24,
      24,
      24,
      24,
      24,
      24,
      24,
      24,
      24,
      24,
      24,
      24,
      24,
      24,
      24,
      24,
      24,
      24,
      24,
      24,
      24,
      24,
      24,
      24,
      24,
      24,
      24,
      24,
      24,
      24,
      24,
      24,
      24,
      24,
      24,
      24,
      24,
      24,
      24,
      24,
      24,
      24,
      24,
      24,
      24,
      24,
      24,
      24,
      24,
      24,
      24,
      24,
      24,
      24,
      24,
      24,
      24,
      24,
      24,
      24,
      24,
      24,
      24,
      24,
      24,
      24,
      24,
      24,
      24,
      24,
      24,
      24,
      24,
      24,
      24,
      24,
      24,
      24,
      24,
      24,
      24,
      24,
      24,
      24,
      24,
      24,
      24,
      24,
      24,
      24,
      24,
      24,
      24,
      24,
      24,
      24,
      24,
      24,
      24,
      24,
      24,
      24,
      24,
      24,
      24,
      24,
      24,
      24,
      24,
      24,
      24,
      24,
      24,
      24,
      24,
      24,
      24,
      24,
      24,
      24,
      24,
      24,
      24,
      24,
      24,
      24,
      24,
      24,
      24,
      24,
      24,
      24,
      24,
      24,
      24,
      24,
      24,
      24,
      24,
      24,
      24,
      24,
      24,
      24,
      24,
      24,
      24,
      24,
      24,
      24,
      24,
      24,
      24,
      24,
      24,
      24,
      24,
      24,
      24,
      24,
      24,
      24,
      24,
      24,
      24,
      24,
      24,
      24,
      24,
      24,
      24,
      24,
      24,
      24,
      24,
      24,
      24,
      24,
      24,
      24,
      24,
      24,
      24,
      24,
      24,
      24,
      24,
      24,
      24,
      24,
      24,
      24,
      24,
      24,
      24,
      24,
      24,
      24,
      24,
      24,
      24,
      24,
      24,
      24,
      24,
      24,
      24,
      24,
      24,
      24,
      24,
      24,
      24,
      24,
      24,
      24,
      24,
      24,
      24,
      24,
      24,
      24,
      24,
      24,
      24,
      24,
      24,
      24,
      24,
      24,
      24,
      24,
      24,
      24,
      24,
      24,
      24,
      24,
      24,
      24,
      24,
      24,
      24,
      24,
      24,
      24,
      24,
      24,
      24,
      24,
      24,
      24,
      24,
      24,
      24,
      24,
      24,
      24,
      24,
      24,
      24,
      24,
      24,
      24,
      24,
      24,
      24,
      24,
      24,
      24,
      24,
      24,
      24,
      24,
      24,
      24,
      24,
      24,
      24,
      24,
      24,
      24,
      24,
      24,
      24,
      24,
      24,
      24,
      24,
      24,
      24,
      24,
      24,
      24,
      24,
      24,
      24,
      24,
      24,
      24,
      24,
      24,
      24,
      24,
      24,
      24,
      24,
      24,
      24,
      24,
      24,
      24,
      24,
      24,
      24,
      24,
      24,
      24,
      24,
      24,
      24,
      24,
      24,
      24,
      24,
      24,
      24,
      24,
      24,
      24,
      24,
      24,
      24,
      24,
      24,
      24,
      24,
      24,
      24,
      24,
      24,
      24,
      24,
      24,
      24,
      24,
      24,
      24,
      24,
      24,
      24,
      24,
      24,
      24,
      24,
      24,
      24,
      24,
      24,
      24,
      24,
      24,
      24,
      24,
      24,
      24,
      24,
      24,
      24,
      24,
      24,
      24,
      24,
      24,
      24,
      24,
      24,
      24,
      24,
      24,
      24,
      24,
      24,
      24,
      24,
      24,
      24,
      24,
      24,
      24,
      24,
      24,
      24,
      24,
      24,
      24,
      24,
      24,
      24,
      24,
      24,
      24,
      24,
      24,
      24,
      24,
      24,
      24,
      24,
      24,
      24,
      24,
      24,
      24,
      24,
      24,
      24,
      24,
      24,
      24,
      24,
      24,
      24,
      24,
      24,
      24,
      24,
      24,
      24,
      24,
      24,
      24,
      24,
      24,
      24,
      24,
      24,
      24,
      24,
      24,
      24,
      24,
      24,
      24,
      24,
      24,
      24,
      24,
      24,
      24,
      24,
      24,
      24,
      24,
      24,
      24,
      24,
      24,
      24,
      24,
      24,
      24,
      24,
      24,
      24,
      24,
      24,
      24,
      24,
      24,
      24,
      24,
      24,
      24,
      24,
      24,
      24,
      24,
      24,
      24,
      24,
      24,
      24,
      24,
      24,
      24,
      24,
      24,
      24,
      24,
      24,
      24,
      24,
      24,
      24,
      24,
      24,
      24,
      24,
      24,
      24,
      24,
      24,
      24,
      24,
      24,
      24,
      24,
      24,
      24,
      24,
      24,
      24,
      24,
      24,
      24,
      24,
      24,
      24,
      24,
      24,
      24,
      24,
      24,
      24,
      24,
      24,
      24,
      24,
      24,
      24,
      24,
      24,
      24,
      24,
      24,
      24,
      24,
      24,
      24,
      24,
      24,
      24,
      24,
      24,
      24,
      24,
      24,
      24,
      24,
      24,
      24,
      24,
      24,
      24,
      24,
      24,
      24,
      24,
      24,
      24,
      24,
      24,
      24,
      24,
      24,
      24,
      24,
      24,
      24,
      24,
      24,
      24,
      24,
      24,
      24,
      24,
      24,
      24,
      24,
      24,
      24,
      24,
      24,
      24,
      24,
      24,
      24,
      24,
      24,
      24,
      24,
      24,
      24,
      24,
      24,
      24,
      24,
      24,
      24,
      24,
      24,
      24,
      24,
      24,
      24,
      24,
      24,
      24,
      24,
      24,
      24,
      24,
      24,
      24,
      24,
      24,
      24,
      24,
      24,
      24,
      24,
      24,
      24,
      24,
      24,
      24,
      24,
      24,
      24,
      24,
      24,
      24,
      24,
      24,
      24,
      24,
      24,
      24,
      24,
      24,
      24,
      24,
      24,
      24,
      24,
      24,
      24,
      24,
      24,
      24,
      24,
      24,
      24,
      24,
      24,
      24,
      24,
      24,
      24,
      24,
      24,
      24,
      24,
      24,
      24,
      24,
      24,
      24,
      24,
      24,
      24,
      24,
      24,
      24,
      24,
      24,
      24,
      24,
      24,
      24,
      24,
      24,
      24,
      24,
      24,
      24,
      24,
      24,
      24,
      24,
      24,
      24,
      24,
      24,
      24,
      24,
      24,
      24,
      24,
      24,
      24,
      24,
      24,
      24,
      24,
      24,
      24,
      24,
      24,
      24,
      24,
      24,
      24,
      24,
      24,
      24,
      24,
      24,
      24,
      24,
      24,
      24,
      24,
      24,
      24,
      24,
      24,
      24,
      24,
      24,
      24,
      24,
      24,
      24,
      24,
      24,
      24,
      24,
      24,
      24,
      24,
      24,
      24,
      24,
      24,
      24,
      24,
      24,
      24,
      24,
      24,
      24,
      24,
      24,
      24,
      24,
      24,
      24,
      24,
      24,
      24,
      24,
      24,
      24,
      24,
      24,
      24,
      24,
      24,
      24,
      24,
      24,
      24,
      24,
      24,
      24,
      24,
      24,
      24,
      24,
      24,
      24,
      24,
      24,
      24,
      24,
      24,
      24,
      24,
      24,
      24,
      24,
      24,
      24,
      24,
      24,
      24,
      24,
      24,
      24,
      24,
      24,
      24,
      24,
      24,
      24,
      24,
      24,
      24,
      24,
      24,
      24,
      24,
      24,
      24,
      24,
      24,
      24,
      24,
      24,
      24,
      24,
      24,
      24,
      24,
      24,
      24,
      24,
      24,
      24,
      24,
      24,
      24,
      24,
      24,
      24,
      24,
      24,
      24,
      24,
      24,
      24,
      24,
      24,
      24,
      24,
      24,
      24,
      24,
      24,
      24,
      24,
      24,
      24,
      24,
      24,
      24,
      24,
      24,
      24,
      24,
      24,
      24,
      24,
      24,
      24,
      24,
      24,
      24,
      24,
      24,
      24,
      24,
      24,
      24,
      24,
      24,
      24,
      24,
      24,
      24,
      24,
      24,
      24,
      24,
      24,
      24,
      24,
      24,
      24
    ],
    "config": {
      "symbol_size": 256,
      "max_block_size": 8192,
      "repair_overhead": 1.0,
      "encoding_parallelism": 1,
      "decoding_parallelism": 1,
      "deterministic_seed": 1008
    },
    "symbols": [
      {
        "object_id": 20123819087691214899781488788424,
        "source_block_number": 0,
        "encoding_symbol_id": 0,
        "kind": "Source",
        "payload_bytes": [
          24,
          24,
          24,
          24,
          24,
          24,
          24,
          24,
          24,
          24,
          24,
          24,
          24,
          24,
          24,
          24,
          24,
          24,
          24,
          24,
          24,
          24,
          24,
          24,
          24,
          24,
          24,
          24,
          24,
          24,
          24,
          24,
          24,
          24,
          24,
          24,
          24,
          24,
          24,
          24,
          24,
          24,
          24,
          24,
          24,
          24,
          24,
          24,
          24,
          24,
          24,
          24,
          24,
          24,
          24,
          24,
          24,
          24,
          24,
          24,
          24,
          24,
          24,
          24,
          24,
          24,
          24,
          24,
          24,
          24,
          24,
          24,
          24,
          24,
          24,
          24,
          24,
          24,
          24,
          24,
          24,
          24,
          24,
          24,
          24,
          24,
          24,
          24,
          24,
          24,
          24,
          24,
          24,
          24,
          24,
          24,
          24,
          24,
          24,
          24,
          24,
          24,
          24,
          24,
          24,
          24,
          24,
          24,
          24,
          24,
          24,
          24,
          24,
          24,
          24,
          24,
          24,
          24,
          24,
          24,
          24,
          24,
          24,
          24,
          24,
          24,
          24,
          24,
          24,
          24,
          24,
          24,
          24,
          24,
          24,
          24,
          24,
          24,
          24,
          24,
          24,
          24,
          24,
          24,
          24,
          24,
          24,
          24,
          24,
          24,
          24,
          24,
          24,
          24,
          24,
          24,
          24,
          24,
          24,
          24,
          24,
          24,
          24,
          24,
          24,
          24,
          24,
          24,
          24,
          24,
          24,
          24,
          24,
          24,
          24,
          24,
          24,
          24,
          24,
          24,
          24,
          24,
          24,
          24,
          24,
          24,
          24,
          24,
          24,
          24,
          24,
          24,
          24,
          24,
          24,
          24,
          24,
          24,
          24,
          24,
          24,
          24,
          24,
          24,
          24,
          24,
          24,
          24,
          24,
          24,
          24,
          24,
          24,
          24,
          24,
          24,
          24,
          24,
          24,
          24,
          24,
          24,
          24,
          24,
          24,
          24,
          24,
          24,
          24,
          24,
          24,
          24,
          24,
          24,
          24,
          24,
          24,
          24,
          24,
          24,
          24,
          24,
          24,
          24,
          24,
          24,
          24,
          24,
          24,
          24,
          24,
          24,
          24,
          24,
          24,
          24
        ],
        "size": 256
      },
      {
        "object_id": 20123819087691214899781488788424,
        "source_block_number": 0,
        "encoding_symbol_id": 1,
        "kind": "Source",
        "payload_bytes": [
          24,
          24,
          24,
          24,
          24,
          24,
          24,
          24,
          24,
          24,
          24,
          24,
          24,
          24,
          24,
          24,
          24,
          24,
          24,
          24,
          24,
          24,
          24,
          24,
          24,
          24,
          24,
          24,
          24,
          24,
          24,
          24,
          24,
          24,
          24,
          24,
          24,
          24,
          24,
          24,
          24,
          24,
          24,
          24,
          24,
          24,
          24,
          24,
          24,
          24,
          24,
          24,
          24,
          24,
          24,
          24,
          24,
          24,
          24,
          24,
          24,
          24,
          24,
          24,
          24,
          24,
          24,
          24,
          24,
          24,
          24,
          24,
          24,
          24,
          24,
          24,
          24,
          24,
          24,
          24,
          24,
          24,
          24,
          24,
          24,
          24,
          24,
          24,
          24,
          24,
          24,
          24,
          24,
          24,
          24,
          24,
          24,
          24,
          24,
          24,
          24,
          24,
          24,
          24,
          24,
          24,
          24,
          24,
          24,
          24,
          24,
          24,
          24,
          24,
          24,
          24,
          24,
          24,
          24,
          24,
          24,
          24,
          24,
          24,
          24,
          24,
          24,
          24,
          24,
          24,
          24,
          24,
          24,
          24,
          24,
          24,
          24,
          24,
          24,
          24,
          24,
          24,
          24,
          24,
          24,
          24,
          24,
          24,
          24,
          24,
          24,
          24,
          24,
          24,
          24,
          24,
          24,
          24,
          24,
          24,
          24,
          24,
          24,
          24,
          24,
          24,
          24,
          24,
          24,
          24,
          24,
          24,
          24,
          24,
          24,
          24,
          24,
          24,
          24,
          24,
          24,
          24,
          24,
          24,
          24,
          24,
          24,
          24,
          24,
          24,
          24,
          24,
          24,
          24,
          24,
          24,
          24,
          24,
          24,
          24,
          24,
          24,
          24,
          24,
          24,
          24,
          24,
          24,
          24,
          24,
          24,
          24,
          24,
          24,
          24,
          24,
          24,
          24,
          24,
          24,
          24,
          24,
          24,
          24,
          24,
          24,
          24,
          24,
          24,
          24,
          24,
          24,
          24,
          24,
          24,
          24,
          24,
          24,
          24,
          24,
          24,
          24,
          24,
          24,
          24,
          24,
          24,
          24,
          24,
          24,
          24,
          24,
          24,
          24,
          24,
          24
        ],
        "size": 256
      },
      {
        "object_id": 20123819087691214899781488788424,
        "source_block_number": 0,
        "encoding_symbol_id": 2,
        "kind": "Source",
        "payload_bytes": [
          24,
          24,
          24,
          24,
          24,
          24,
          24,
          24,
          24,
          24,
          24,
          24,
          24,
          24,
          24,
          24,
          24,
          24,
          24,
          24,
          24,
          24,
          24,
          24,
          24,
          24,
          24,
          24,
          24,
          24,
          24,
          24,
          24,
          24,
          24,
          24,
          24,
          24,
          24,
          24,
          24,
          24,
          24,
          24,
          24,
          24,
          24,
          24,
          24,
          24,
          24,
          24,
          24,
          24,
          24,
          24,
          24,
          24,
          24,
          24,
          24,
          24,
          24,
          24,
          24,
          24,
          24,
          24,
          24,
          24,
          24,
          24,
          24,
          24,
          24,
          24,
          24,
          24,
          24,
          24,
          24,
          24,
          24,
          24,
          24,
          24,
          24,
          24,
          24,
          24,
          24,
          24,
          24,
          24,
          24,
          24,
          24,
          24,
          24,
          24,
          24,
          24,
          24,
          24,
          24,
          24,
          24,
          24,
          24,
          24,
          24,
          24,
          24,
          24,
          24,
          24,
          24,
          24,
          24,
          24,
          24,
          24,
          24,
          24,
          24,
          24,
          24,
          24,
          24,
          24,
          24,
          24,
          24,
          24,
          24,
          24,
          24,
          24,
          24,
          24,
          24,
          24,
          24,
          24,
          24,
          24,
          24,
          24,
          24,
          24,
          24,
          24,
          24,
          24,
          24,
          24,
          24,
          24,
          24,
          24,
          24,
          24,
          24,
          24,
          24,
          24,
          24,
          24,
          24,
          24,
          24,
          24,
          24,
          24,
          24,
          24,
          24,
          24,
          24,
          24,
          24,
          24,
          24,
          24,
          24,
          24,
          24,
          24,
          24,
          24,
          24,
          24,
          24,
          24,
          24,
          24,
          24,
          24,
          24,
          24,
          24,
          24,
          24,
          24,
          24,
          24,
          24,
          24,
          24,
          24,
          24,
          24,
          24,
          24,
          24,
          24,
          24,
          24,
          24,
          24,
          24,
          24,
          24,
          24,
          24,
          24,
          24,
          24,
          24,
          24,
          24,
          24,
          24,
          24,
          24,
          24,
          24,
          24,
          24,
          24,
          24,
          24,
          24,
          24,
          24,
          24,
          24,
          24,
          24,
          24,
          24,
          24,
          24,
          24,
          24,
          24
        ],
        "size": 256
      },
      {
        "object_id": 20123819087691214899781488788424,
        "source_block_number": 0,
        "encoding_symbol_id": 3,
        "kind": "Source",
        "payload_bytes": [
          24,
          24,
          24,
          24,
          24,
          24,
          24,
          24,
          24,
          24,
          24,
          24,
          24,
          24,
          24,
          24,
          24,
          24,
          24,
          24,
          24,
          24,
          24,
          24,
          24,
          24,
          24,
          24,
          24,
          24,
          24,
          24,
          24,
          24,
          24,
          24,
          24,
          24,
          24,
          24,
          24,
          24,
          24,
          24,
          24,
          24,
          24,
          24,
          24,
          24,
          24,
          24,
          24,
          24,
          24,
          24,
          24,
          24,
          24,
          24,
          24,
          24,
          24,
          24,
          24,
          24,
          24,
          24,
          24,
          24,
          24,
          24,
          24,
          24,
          24,
          24,
          24,
          24,
          24,
          24,
          24,
          24,
          24,
          24,
          24,
          24,
          24,
          24,
          24,
          24,
          24,
          24,
          24,
          24,
          24,
          24,
          24,
          24,
          24,
          24,
          24,
          24,
          24,
          24,
          24,
          24,
          24,
          24,
          24,
          24,
          24,
          24,
          24,
          24,
          24,
          24,
          24,
          24,
          24,
          24,
          24,
          24,
          24,
          24,
          24,
          24,
          24,
          24,
          24,
          24,
          24,
          24,
          24,
          24,
          24,
          24,
          24,
          24,
          24,
          24,
          24,
          24,
          24,
          24,
          24,
          24,
          24,
          24,
          24,
          24,
          24,
          24,
          24,
          24,
          24,
          24,
          24,
          24,
          24,
          24,
          24,
          24,
          24,
          24,
          24,
          24,
          24,
          24,
          24,
          24,
          24,
          24,
          24,
          24,
          24,
          24,
          24,
          24,
          24,
          24,
          24,
          24,
          24,
          24,
          24,
          24,
          24,
          24,
          24,
          24,
          24,
          24,
          24,
          24,
          24,
          24,
          24,
          24,
          24,
          24,
          24,
          24,
          24,
          24,
          24,
          24,
          24,
          24,
          24,
          24,
          24,
          24,
          24,
          24,
          24,
          24,
          24,
          24,
          24,
          24,
          24,
          24,
          24,
          24,
          24,
          24,
          24,
          24,
          24,
          24,
          24,
          24,
          0,
          0,
          0,
          0,
          0,
          0,
          0,
          0,
          0,
          0,
          0,
          0,
          0,
          0,
          0,
          0,
          0,
          0,
          0,
          0,
          0,
          0,
          0,
          0
        ],
        "size": 256
      }
    ],
    "stats": {
      "source_symbols": 4,
      "repair_symbols": 0,
      "total_symbols": 4
    }
  }
}
